Component: ARM Compiler 6.14.1 Tool: armlink [5db06d00]

==============================================================================

Section Cross References

    startup_stm32f10x_hd.o(RESET) refers to startup_stm32f10x_hd.o(STACK) for __initial_sp
    startup_stm32f10x_hd.o(RESET) refers to startup_stm32f10x_hd.o(.text) for Reset_Handler
    startup_stm32f10x_hd.o(RESET) refers to lto-llvm-f15b09.o(.text.TIM1_UP_IRQHandler) for TIM1_UP_IRQHandler
    startup_stm32f10x_hd.o(RESET) refers to lto-llvm-f15b09.o(.text.TIM2_IRQHandler) for TIM2_IRQHandler
    startup_stm32f10x_hd.o(RESET) refers to lto-llvm-f15b09.o(.text.TIM3_IRQHandler) for TIM3_IRQHandler
    startup_stm32f10x_hd.o(RESET) refers to lto-llvm-f15b09.o(.text.TIM4_IRQHandler) for TIM4_IRQHandler
    startup_stm32f10x_hd.o(RESET) refers to lto-llvm-f15b09.o(.text.TIM8_UP_IRQHandler) for TIM8_UP_IRQHandler
    startup_stm32f10x_hd.o(RESET) refers to lto-llvm-f15b09.o(.text.SDIO_IRQHandler) for SDIO_IRQHandler
    startup_stm32f10x_hd.o(RESET) refers to lto-llvm-f15b09.o(.text.TIM5_IRQHandler) for TIM5_IRQHandler
    startup_stm32f10x_hd.o(RESET) refers to lto-llvm-f15b09.o(.text.TIM6_IRQHandler) for TIM6_IRQHandler
    startup_stm32f10x_hd.o(RESET) refers to lto-llvm-f15b09.o(.text.TIM7_IRQHandler) for TIM7_IRQHandler
    startup_stm32f10x_hd.o(.text) refers to lto-llvm-f15b09.o(.text.Stm32_Clock_Init) for Stm32_Clock_Init
    startup_stm32f10x_hd.o(.text) refers to entry.o(.ARM.Collect$$$$00000000) for __main
    entry.o(.ARM.Collect$$$$00000000) refers (Special) to entry10a.o(.ARM.Collect$$$$0000000D) for __rt_final_cpp
    entry.o(.ARM.Collect$$$$00000000) refers (Special) to entry11a.o(.ARM.Collect$$$$0000000F) for __rt_final_exit
    entry.o(.ARM.Collect$$$$00000000) refers (Special) to entry7b.o(.ARM.Collect$$$$00000008) for _main_clock
    entry.o(.ARM.Collect$$$$00000000) refers (Special) to entry8b.o(.ARM.Collect$$$$0000000A) for _main_cpp_init
    entry.o(.ARM.Collect$$$$00000000) refers (Special) to entry9a.o(.ARM.Collect$$$$0000000B) for _main_init
    entry.o(.ARM.Collect$$$$00000000) refers (Special) to entry5.o(.ARM.Collect$$$$00000004) for _main_scatterload
    entry.o(.ARM.Collect$$$$00000000) refers (Special) to entry2.o(.ARM.Collect$$$$00000001) for _main_stk
    puts.o(i.puts) refers to lto-llvm-f15b09.o(.text.fputc) for fputc
    puts.o(i.puts) refers to stdout.o(.data) for __stdout
    puts_e.o(.text) refers to lto-llvm-f15b09.o(.text.fputc) for fputc
    puts_e.o(.text) refers to stdout.o(.data) for __stdout
    printfb.o(i.__0fprintf$bare) refers to printfb.o(i._printf_core) for _printf_core
    printfb.o(i.__0fprintf$bare) refers to lto-llvm-f15b09.o(.text.fputc) for fputc
    printfb.o(i.__0printf$bare) refers to printfb.o(i._printf_core) for _printf_core
    printfb.o(i.__0printf$bare) refers to lto-llvm-f15b09.o(.text.fputc) for fputc
    printfb.o(i.__0printf$bare) refers to stdout.o(.data) for __stdout
    printfb.o(i.__0snprintf$bare) refers to printfb.o(i._printf_core) for _printf_core
    printfb.o(i.__0snprintf$bare) refers to printfb.o(i._snputc) for _snputc
    printfb.o(i.__0sprintf$bare) refers to printfb.o(i._printf_core) for _printf_core
    printfb.o(i.__0sprintf$bare) refers to printfb.o(i._sputc) for _sputc
    printfb.o(i.__0vfprintf$bare) refers to printfb.o(i._printf_core) for _printf_core
    printfb.o(i.__0vfprintf$bare) refers to lto-llvm-f15b09.o(.text.fputc) for fputc
    printfb.o(i.__0vprintf$bare) refers to printfb.o(i._printf_core) for _printf_core
    printfb.o(i.__0vprintf$bare) refers to lto-llvm-f15b09.o(.text.fputc) for fputc
    printfb.o(i.__0vprintf$bare) refers to stdout.o(.data) for __stdout
    printfb.o(i.__0vsnprintf$bare) refers to printfb.o(i._printf_core) for _printf_core
    printfb.o(i.__0vsnprintf$bare) refers to printfb.o(i._snputc) for _snputc
    printfb.o(i.__0vsprintf$bare) refers to printfb.o(i._printf_core) for _printf_core
    printfb.o(i.__0vsprintf$bare) refers to printfb.o(i._sputc) for _sputc
    printf0.o(i.__0fprintf$0) refers to printf0.o(i._printf_core) for _printf_core
    printf0.o(i.__0fprintf$0) refers to lto-llvm-f15b09.o(.text.fputc) for fputc
    printf0.o(i.__0printf$0) refers to printf0.o(i._printf_core) for _printf_core
    printf0.o(i.__0printf$0) refers to lto-llvm-f15b09.o(.text.fputc) for fputc
    printf0.o(i.__0printf$0) refers to stdout.o(.data) for __stdout
    printf0.o(i.__0snprintf$0) refers to printf0.o(i._printf_core) for _printf_core
    printf0.o(i.__0snprintf$0) refers to printf0.o(i._snputc) for _snputc
    printf0.o(i.__0sprintf$0) refers to printf0.o(i._printf_core) for _printf_core
    printf0.o(i.__0sprintf$0) refers to printf0.o(i._sputc) for _sputc
    printf0.o(i.__0vfprintf$0) refers to printf0.o(i._printf_core) for _printf_core
    printf0.o(i.__0vfprintf$0) refers to lto-llvm-f15b09.o(.text.fputc) for fputc
    printf0.o(i.__0vprintf$0) refers to printf0.o(i._printf_core) for _printf_core
    printf0.o(i.__0vprintf$0) refers to lto-llvm-f15b09.o(.text.fputc) for fputc
    printf0.o(i.__0vprintf$0) refers to stdout.o(.data) for __stdout
    printf0.o(i.__0vsnprintf$0) refers to printf0.o(i._printf_core) for _printf_core
    printf0.o(i.__0vsnprintf$0) refers to printf0.o(i._snputc) for _snputc
    printf0.o(i.__0vsprintf$0) refers to printf0.o(i._printf_core) for _printf_core
    printf0.o(i.__0vsprintf$0) refers to printf0.o(i._sputc) for _sputc
    printf1.o(i.__0fprintf$1) refers to printf1.o(i._printf_core) for _printf_core
    printf1.o(i.__0fprintf$1) refers to lto-llvm-f15b09.o(.text.fputc) for fputc
    printf1.o(i.__0printf$1) refers to printf1.o(i._printf_core) for _printf_core
    printf1.o(i.__0printf$1) refers to lto-llvm-f15b09.o(.text.fputc) for fputc
    printf1.o(i.__0printf$1) refers to stdout.o(.data) for __stdout
    printf1.o(i.__0snprintf$1) refers to printf1.o(i._printf_core) for _printf_core
    printf1.o(i.__0snprintf$1) refers to printf1.o(i._snputc) for _snputc
    printf1.o(i.__0sprintf$1) refers to printf1.o(i._printf_core) for _printf_core
    printf1.o(i.__0sprintf$1) refers to printf1.o(i._sputc) for _sputc
    printf1.o(i.__0vfprintf$1) refers to printf1.o(i._printf_core) for _printf_core
    printf1.o(i.__0vfprintf$1) refers to lto-llvm-f15b09.o(.text.fputc) for fputc
    printf1.o(i.__0vprintf$1) refers to printf1.o(i._printf_core) for _printf_core
    printf1.o(i.__0vprintf$1) refers to lto-llvm-f15b09.o(.text.fputc) for fputc
    printf1.o(i.__0vprintf$1) refers to stdout.o(.data) for __stdout
    printf1.o(i.__0vsnprintf$1) refers to printf1.o(i._printf_core) for _printf_core
    printf1.o(i.__0vsnprintf$1) refers to printf1.o(i._snputc) for _snputc
    printf1.o(i.__0vsprintf$1) refers to printf1.o(i._printf_core) for _printf_core
    printf1.o(i.__0vsprintf$1) refers to printf1.o(i._sputc) for _sputc
    printf1.o(i._printf_core) refers to uidiv.o(.text) for __aeabi_uidivmod
    printf2.o(i.__0fprintf$2) refers to printf2.o(i._printf_core) for _printf_core
    printf2.o(i.__0fprintf$2) refers to lto-llvm-f15b09.o(.text.fputc) for fputc
    printf2.o(i.__0printf$2) refers to printf2.o(i._printf_core) for _printf_core
    printf2.o(i.__0printf$2) refers to lto-llvm-f15b09.o(.text.fputc) for fputc
    printf2.o(i.__0printf$2) refers to stdout.o(.data) for __stdout
    printf2.o(i.__0snprintf$2) refers to printf2.o(i._printf_core) for _printf_core
    printf2.o(i.__0snprintf$2) refers to printf2.o(i._snputc) for _snputc
    printf2.o(i.__0sprintf$2) refers to printf2.o(i._printf_core) for _printf_core
    printf2.o(i.__0sprintf$2) refers to printf2.o(i._sputc) for _sputc
    printf2.o(i.__0vfprintf$2) refers to printf2.o(i._printf_core) for _printf_core
    printf2.o(i.__0vfprintf$2) refers to lto-llvm-f15b09.o(.text.fputc) for fputc
    printf2.o(i.__0vprintf$2) refers to printf2.o(i._printf_core) for _printf_core
    printf2.o(i.__0vprintf$2) refers to lto-llvm-f15b09.o(.text.fputc) for fputc
    printf2.o(i.__0vprintf$2) refers to stdout.o(.data) for __stdout
    printf2.o(i.__0vsnprintf$2) refers to printf2.o(i._printf_core) for _printf_core
    printf2.o(i.__0vsnprintf$2) refers to printf2.o(i._snputc) for _snputc
    printf2.o(i.__0vsprintf$2) refers to printf2.o(i._printf_core) for _printf_core
    printf2.o(i.__0vsprintf$2) refers to printf2.o(i._sputc) for _sputc
    printf3.o(i.__0fprintf$3) refers to printf3.o(i._printf_core) for _printf_core
    printf3.o(i.__0fprintf$3) refers to lto-llvm-f15b09.o(.text.fputc) for fputc
    printf3.o(i.__0printf$3) refers to printf3.o(i._printf_core) for _printf_core
    printf3.o(i.__0printf$3) refers to lto-llvm-f15b09.o(.text.fputc) for fputc
    printf3.o(i.__0printf$3) refers to stdout.o(.data) for __stdout
    printf3.o(i.__0snprintf$3) refers to printf3.o(i._printf_core) for _printf_core
    printf3.o(i.__0snprintf$3) refers to printf3.o(i._snputc) for _snputc
    printf3.o(i.__0sprintf$3) refers to printf3.o(i._printf_core) for _printf_core
    printf3.o(i.__0sprintf$3) refers to printf3.o(i._sputc) for _sputc
    printf3.o(i.__0vfprintf$3) refers to printf3.o(i._printf_core) for _printf_core
    printf3.o(i.__0vfprintf$3) refers to lto-llvm-f15b09.o(.text.fputc) for fputc
    printf3.o(i.__0vprintf$3) refers to printf3.o(i._printf_core) for _printf_core
    printf3.o(i.__0vprintf$3) refers to lto-llvm-f15b09.o(.text.fputc) for fputc
    printf3.o(i.__0vprintf$3) refers to stdout.o(.data) for __stdout
    printf3.o(i.__0vsnprintf$3) refers to printf3.o(i._printf_core) for _printf_core
    printf3.o(i.__0vsnprintf$3) refers to printf3.o(i._snputc) for _snputc
    printf3.o(i.__0vsprintf$3) refers to printf3.o(i._printf_core) for _printf_core
    printf3.o(i.__0vsprintf$3) refers to printf3.o(i._sputc) for _sputc
    printf3.o(i._printf_core) refers to uidiv.o(.text) for __aeabi_uidivmod
    printf4.o(i.__0fprintf$4) refers to printf4.o(i._printf_core) for _printf_core
    printf4.o(i.__0fprintf$4) refers to lto-llvm-f15b09.o(.text.fputc) for fputc
    printf4.o(i.__0printf$4) refers to printf4.o(i._printf_core) for _printf_core
    printf4.o(i.__0printf$4) refers to lto-llvm-f15b09.o(.text.fputc) for fputc
    printf4.o(i.__0printf$4) refers to stdout.o(.data) for __stdout
    printf4.o(i.__0snprintf$4) refers to printf4.o(i._printf_core) for _printf_core
    printf4.o(i.__0snprintf$4) refers to printf4.o(i._snputc) for _snputc
    printf4.o(i.__0sprintf$4) refers to printf4.o(i._printf_core) for _printf_core
    printf4.o(i.__0sprintf$4) refers to printf4.o(i._sputc) for _sputc
    printf4.o(i.__0vfprintf$4) refers to printf4.o(i._printf_core) for _printf_core
    printf4.o(i.__0vfprintf$4) refers to lto-llvm-f15b09.o(.text.fputc) for fputc
    printf4.o(i.__0vprintf$4) refers to printf4.o(i._printf_core) for _printf_core
    printf4.o(i.__0vprintf$4) refers to lto-llvm-f15b09.o(.text.fputc) for fputc
    printf4.o(i.__0vprintf$4) refers to stdout.o(.data) for __stdout
    printf4.o(i.__0vsnprintf$4) refers to printf4.o(i._printf_core) for _printf_core
    printf4.o(i.__0vsnprintf$4) refers to printf4.o(i._snputc) for _snputc
    printf4.o(i.__0vsprintf$4) refers to printf4.o(i._printf_core) for _printf_core
    printf4.o(i.__0vsprintf$4) refers to printf4.o(i._sputc) for _sputc
    printf4.o(i._printf_core) refers to uldiv.o(.text) for __aeabi_uldivmod
    printf5.o(i.__0fprintf$5) refers to printf5.o(i._printf_core) for _printf_core
    printf5.o(i.__0fprintf$5) refers to lto-llvm-f15b09.o(.text.fputc) for fputc
    printf5.o(i.__0printf$5) refers to printf5.o(i._printf_core) for _printf_core
    printf5.o(i.__0printf$5) refers to lto-llvm-f15b09.o(.text.fputc) for fputc
    printf5.o(i.__0printf$5) refers to stdout.o(.data) for __stdout
    printf5.o(i.__0snprintf$5) refers to printf5.o(i._printf_core) for _printf_core
    printf5.o(i.__0snprintf$5) refers to printf5.o(i._snputc) for _snputc
    printf5.o(i.__0sprintf$5) refers to printf5.o(i._printf_core) for _printf_core
    printf5.o(i.__0sprintf$5) refers to printf5.o(i._sputc) for _sputc
    printf5.o(i.__0vfprintf$5) refers to printf5.o(i._printf_core) for _printf_core
    printf5.o(i.__0vfprintf$5) refers to lto-llvm-f15b09.o(.text.fputc) for fputc
    printf5.o(i.__0vprintf$5) refers to printf5.o(i._printf_core) for _printf_core
    printf5.o(i.__0vprintf$5) refers to lto-llvm-f15b09.o(.text.fputc) for fputc
    printf5.o(i.__0vprintf$5) refers to stdout.o(.data) for __stdout
    printf5.o(i.__0vsnprintf$5) refers to printf5.o(i._printf_core) for _printf_core
    printf5.o(i.__0vsnprintf$5) refers to printf5.o(i._snputc) for _snputc
    printf5.o(i.__0vsprintf$5) refers to printf5.o(i._printf_core) for _printf_core
    printf5.o(i.__0vsprintf$5) refers to printf5.o(i._sputc) for _sputc
    printf5.o(i._printf_core) refers to uldiv.o(.text) for __aeabi_uldivmod
    printf6.o(i.__0fprintf$6) refers to printf6.o(i._printf_core) for _printf_core
    printf6.o(i.__0fprintf$6) refers to lto-llvm-f15b09.o(.text.fputc) for fputc
    printf6.o(i.__0printf$6) refers to printf6.o(i._printf_core) for _printf_core
    printf6.o(i.__0printf$6) refers to lto-llvm-f15b09.o(.text.fputc) for fputc
    printf6.o(i.__0printf$6) refers to stdout.o(.data) for __stdout
    printf6.o(i.__0snprintf$6) refers to printf6.o(i._printf_core) for _printf_core
    printf6.o(i.__0snprintf$6) refers to printf6.o(i._snputc) for _snputc
    printf6.o(i.__0sprintf$6) refers to printf6.o(i._printf_core) for _printf_core
    printf6.o(i.__0sprintf$6) refers to printf6.o(i._sputc) for _sputc
    printf6.o(i.__0vfprintf$6) refers to printf6.o(i._printf_core) for _printf_core
    printf6.o(i.__0vfprintf$6) refers to lto-llvm-f15b09.o(.text.fputc) for fputc
    printf6.o(i.__0vprintf$6) refers to printf6.o(i._printf_core) for _printf_core
    printf6.o(i.__0vprintf$6) refers to lto-llvm-f15b09.o(.text.fputc) for fputc
    printf6.o(i.__0vprintf$6) refers to stdout.o(.data) for __stdout
    printf6.o(i.__0vsnprintf$6) refers to printf6.o(i._printf_core) for _printf_core
    printf6.o(i.__0vsnprintf$6) refers to printf6.o(i._snputc) for _snputc
    printf6.o(i.__0vsprintf$6) refers to printf6.o(i._printf_core) for _printf_core
    printf6.o(i.__0vsprintf$6) refers to printf6.o(i._sputc) for _sputc
    printf6.o(i._printf_core) refers to printf6.o(i._printf_pre_padding) for _printf_pre_padding
    printf6.o(i._printf_core) refers to uidiv.o(.text) for __aeabi_uidivmod
    printf6.o(i._printf_core) refers to printf6.o(i._printf_post_padding) for _printf_post_padding
    printf7.o(i.__0fprintf$7) refers to printf7.o(i._printf_core) for _printf_core
    printf7.o(i.__0fprintf$7) refers to lto-llvm-f15b09.o(.text.fputc) for fputc
    printf7.o(i.__0printf$7) refers to printf7.o(i._printf_core) for _printf_core
    printf7.o(i.__0printf$7) refers to lto-llvm-f15b09.o(.text.fputc) for fputc
    printf7.o(i.__0printf$7) refers to stdout.o(.data) for __stdout
    printf7.o(i.__0snprintf$7) refers to printf7.o(i._printf_core) for _printf_core
    printf7.o(i.__0snprintf$7) refers to printf7.o(i._snputc) for _snputc
    printf7.o(i.__0sprintf$7) refers to printf7.o(i._printf_core) for _printf_core
    printf7.o(i.__0sprintf$7) refers to printf7.o(i._sputc) for _sputc
    printf7.o(i.__0vfprintf$7) refers to printf7.o(i._printf_core) for _printf_core
    printf7.o(i.__0vfprintf$7) refers to lto-llvm-f15b09.o(.text.fputc) for fputc
    printf7.o(i.__0vprintf$7) refers to printf7.o(i._printf_core) for _printf_core
    printf7.o(i.__0vprintf$7) refers to lto-llvm-f15b09.o(.text.fputc) for fputc
    printf7.o(i.__0vprintf$7) refers to stdout.o(.data) for __stdout
    printf7.o(i.__0vsnprintf$7) refers to printf7.o(i._printf_core) for _printf_core
    printf7.o(i.__0vsnprintf$7) refers to printf7.o(i._snputc) for _snputc
    printf7.o(i.__0vsprintf$7) refers to printf7.o(i._printf_core) for _printf_core
    printf7.o(i.__0vsprintf$7) refers to printf7.o(i._sputc) for _sputc
    printf7.o(i._printf_core) refers to printf7.o(i._printf_pre_padding) for _printf_pre_padding
    printf7.o(i._printf_core) refers to uldiv.o(.text) for __aeabi_uldivmod
    printf7.o(i._printf_core) refers to printf7.o(i._printf_post_padding) for _printf_post_padding
    printf8.o(i.__0fprintf$8) refers to printf8.o(i._printf_core) for _printf_core
    printf8.o(i.__0fprintf$8) refers to lto-llvm-f15b09.o(.text.fputc) for fputc
    printf8.o(i.__0printf$8) refers to printf8.o(i._printf_core) for _printf_core
    printf8.o(i.__0printf$8) refers to lto-llvm-f15b09.o(.text.fputc) for fputc
    printf8.o(i.__0printf$8) refers to stdout.o(.data) for __stdout
    printf8.o(i.__0snprintf$8) refers to printf8.o(i._printf_core) for _printf_core
    printf8.o(i.__0snprintf$8) refers to printf8.o(i._snputc) for _snputc
    printf8.o(i.__0sprintf$8) refers to printf8.o(i._printf_core) for _printf_core
    printf8.o(i.__0sprintf$8) refers to printf8.o(i._sputc) for _sputc
    printf8.o(i.__0vfprintf$8) refers to printf8.o(i._printf_core) for _printf_core
    printf8.o(i.__0vfprintf$8) refers to lto-llvm-f15b09.o(.text.fputc) for fputc
    printf8.o(i.__0vprintf$8) refers to printf8.o(i._printf_core) for _printf_core
    printf8.o(i.__0vprintf$8) refers to lto-llvm-f15b09.o(.text.fputc) for fputc
    printf8.o(i.__0vprintf$8) refers to stdout.o(.data) for __stdout
    printf8.o(i.__0vsnprintf$8) refers to printf8.o(i._printf_core) for _printf_core
    printf8.o(i.__0vsnprintf$8) refers to printf8.o(i._snputc) for _snputc
    printf8.o(i.__0vsprintf$8) refers to printf8.o(i._printf_core) for _printf_core
    printf8.o(i.__0vsprintf$8) refers to printf8.o(i._sputc) for _sputc
    printf8.o(i._printf_core) refers to printf8.o(i._printf_pre_padding) for _printf_pre_padding
    printf8.o(i._printf_core) refers to uldiv.o(.text) for __aeabi_uldivmod
    printf8.o(i._printf_core) refers to printf8.o(i._printf_post_padding) for _printf_post_padding
    printfa.o(i.__0fprintf) refers (Special) to iusefp.o(.text) for __I$use$fp
    printfa.o(i.__0fprintf) refers to printfa.o(i._printf_core) for _printf_core
    printfa.o(i.__0fprintf) refers to lto-llvm-f15b09.o(.text.fputc) for fputc
    printfa.o(i.__0printf) refers (Special) to iusefp.o(.text) for __I$use$fp
    printfa.o(i.__0printf) refers to printfa.o(i._printf_core) for _printf_core
    printfa.o(i.__0printf) refers to lto-llvm-f15b09.o(.text.fputc) for fputc
    printfa.o(i.__0printf) refers to stdout.o(.data) for __stdout
    printfa.o(i.__0snprintf) refers (Special) to iusefp.o(.text) for __I$use$fp
    printfa.o(i.__0snprintf) refers to printfa.o(i._printf_core) for _printf_core
    printfa.o(i.__0snprintf) refers to printfa.o(i._snputc) for _snputc
    printfa.o(i.__0sprintf) refers (Special) to iusefp.o(.text) for __I$use$fp
    printfa.o(i.__0sprintf) refers to printfa.o(i._printf_core) for _printf_core
    printfa.o(i.__0sprintf) refers to printfa.o(i._sputc) for _sputc
    printfa.o(i.__0vfprintf) refers (Special) to iusefp.o(.text) for __I$use$fp
    printfa.o(i.__0vfprintf) refers to printfa.o(i._printf_core) for _printf_core
    printfa.o(i.__0vfprintf) refers to lto-llvm-f15b09.o(.text.fputc) for fputc
    printfa.o(i.__0vprintf) refers (Special) to iusefp.o(.text) for __I$use$fp
    printfa.o(i.__0vprintf) refers to printfa.o(i._printf_core) for _printf_core
    printfa.o(i.__0vprintf) refers to lto-llvm-f15b09.o(.text.fputc) for fputc
    printfa.o(i.__0vprintf) refers to stdout.o(.data) for __stdout
    printfa.o(i.__0vsnprintf) refers (Special) to iusefp.o(.text) for __I$use$fp
    printfa.o(i.__0vsnprintf) refers to printfa.o(i._printf_core) for _printf_core
    printfa.o(i.__0vsnprintf) refers to printfa.o(i._snputc) for _snputc
    printfa.o(i.__0vsprintf) refers (Special) to iusefp.o(.text) for __I$use$fp
    printfa.o(i.__0vsprintf) refers to printfa.o(i._printf_core) for _printf_core
    printfa.o(i.__0vsprintf) refers to printfa.o(i._sputc) for _sputc
    printfa.o(i._fp_digits) refers (Special) to iusefp.o(.text) for __I$use$fp
    printfa.o(i._fp_digits) refers to dmul.o(.text) for __aeabi_dmul
    printfa.o(i._fp_digits) refers to ddiv.o(.text) for __aeabi_ddiv
    printfa.o(i._fp_digits) refers to cdrcmple.o(.text) for __aeabi_cdrcmple
    printfa.o(i._fp_digits) refers to dadd.o(.text) for __aeabi_dadd
    printfa.o(i._fp_digits) refers to dfixul.o(.text) for __aeabi_d2ulz
    printfa.o(i._fp_digits) refers to uldiv.o(.text) for __aeabi_uldivmod
    printfa.o(i._printf_core) refers (Special) to iusefp.o(.text) for __I$use$fp
    printfa.o(i._printf_core) refers to printfa.o(i._printf_pre_padding) for _printf_pre_padding
    printfa.o(i._printf_core) refers to uldiv.o(.text) for __aeabi_uldivmod
    printfa.o(i._printf_core) refers to printfa.o(i._printf_post_padding) for _printf_post_padding
    printfa.o(i._printf_core) refers to printfa.o(i._fp_digits) for _fp_digits
    printfa.o(i._printf_core) refers to uidiv.o(.text) for __aeabi_uidivmod
    printfa.o(i._printf_post_padding) refers (Special) to iusefp.o(.text) for __I$use$fp
    printfa.o(i._printf_pre_padding) refers (Special) to iusefp.o(.text) for __I$use$fp
    printfa.o(i._snputc) refers (Special) to iusefp.o(.text) for __I$use$fp
    printfa.o(i._sputc) refers (Special) to iusefp.o(.text) for __I$use$fp
    entry2.o(.ARM.Collect$$$$00000001) refers to entry2.o(.ARM.Collect$$$$00002712) for __lit__00000000
    entry2.o(.ARM.Collect$$$$00002712) refers to startup_stm32f10x_hd.o(STACK) for __initial_sp
    entry2.o(__vectab_stack_and_reset_area) refers to startup_stm32f10x_hd.o(STACK) for __initial_sp
    entry2.o(__vectab_stack_and_reset_area) refers to entry.o(.ARM.Collect$$$$00000000) for __main
    entry5.o(.ARM.Collect$$$$00000004) refers to init.o(.text) for __scatterload
    entry9a.o(.ARM.Collect$$$$0000000B) refers to lto-llvm-f15b09.o(.text.main) for main
    entry9b.o(.ARM.Collect$$$$0000000C) refers to lto-llvm-f15b09.o(.text.main) for main
    uldiv.o(.text) refers to llushr.o(.text) for __aeabi_llsr
    uldiv.o(.text) refers to llshl.o(.text) for __aeabi_llsl
    dadd.o(.text) refers (Special) to iusefp.o(.text) for __I$use$fp
    dadd.o(.text) refers to llshl.o(.text) for __aeabi_llsl
    dadd.o(.text) refers to llsshr.o(.text) for __aeabi_lasr
    dadd.o(.text) refers to depilogue.o(.text) for _double_epilogue
    dmul.o(.text) refers (Special) to iusefp.o(.text) for __I$use$fp
    dmul.o(.text) refers to depilogue.o(.text) for _double_epilogue
    ddiv.o(.text) refers (Special) to iusefp.o(.text) for __I$use$fp
    ddiv.o(.text) refers to depilogue.o(.text) for _double_round
    dfixul.o(.text) refers (Special) to iusefp.o(.text) for __I$use$fp
    dfixul.o(.text) refers to llushr.o(.text) for __aeabi_llsr
    dfixul.o(.text) refers to llshl.o(.text) for __aeabi_llsl
    cdrcmple.o(.text) refers (Special) to iusefp.o(.text) for __I$use$fp
    init.o(.text) refers to entry5.o(.ARM.Collect$$$$00000004) for __main_after_scatterload
    depilogue.o(.text) refers (Special) to iusefp.o(.text) for __I$use$fp
    depilogue.o(.text) refers to llshl.o(.text) for __aeabi_llsl
    depilogue.o(.text) refers to llushr.o(.text) for __aeabi_llsr
    lto-llvm-f15b09.o(.text.main) refers to lto-llvm-f15b09.o(.bss.fac_ms) for fac_ms
    lto-llvm-f15b09.o(.text.main) refers to lto-llvm-f15b09.o(.bss.fac_us) for fac_us
    lto-llvm-f15b09.o(.text.main) refers to lto-llvm-f15b09.o(.data.Tp_dev) for Tp_dev
    lto-llvm-f15b09.o(.text.main) refers to lto-llvm-f15b09.o(.rodata.str1.1) for .Lstr.3
    lto-llvm-f15b09.o(.text.main) refers to puts.o(i.puts) for puts
    lto-llvm-f15b09.o(.ARM.exidx.text.main) refers to lto-llvm-f15b09.o(.text.main) for [Anonymous Symbol]
    lto-llvm-f15b09.o(.ARM.exidx.text.fputc) refers to lto-llvm-f15b09.o(.text.fputc) for [Anonymous Symbol]
    lto-llvm-f15b09.o(.ARM.exidx.text.Stm32_Clock_Init) refers to lto-llvm-f15b09.o(.text.Stm32_Clock_Init) for [Anonymous Symbol]
    lto-llvm-f15b09.o(.ARM.exidx.text.TIM1_UP_IRQHandler) refers to lto-llvm-f15b09.o(.text.TIM1_UP_IRQHandler) for [Anonymous Symbol]
    lto-llvm-f15b09.o(.ARM.exidx.text.TIM2_IRQHandler) refers to lto-llvm-f15b09.o(.text.TIM2_IRQHandler) for [Anonymous Symbol]
    lto-llvm-f15b09.o(.ARM.exidx.text.TIM3_IRQHandler) refers to lto-llvm-f15b09.o(.text.TIM3_IRQHandler) for [Anonymous Symbol]
    lto-llvm-f15b09.o(.ARM.exidx.text.TIM4_IRQHandler) refers to lto-llvm-f15b09.o(.text.TIM4_IRQHandler) for [Anonymous Symbol]
    lto-llvm-f15b09.o(.ARM.exidx.text.TIM6_IRQHandler) refers to lto-llvm-f15b09.o(.text.TIM6_IRQHandler) for [Anonymous Symbol]
    lto-llvm-f15b09.o(.ARM.exidx.text.TIM7_IRQHandler) refers to lto-llvm-f15b09.o(.text.TIM7_IRQHandler) for [Anonymous Symbol]
    lto-llvm-f15b09.o(.ARM.exidx.text.TIM8_UP_IRQHandler) refers to lto-llvm-f15b09.o(.text.TIM8_UP_IRQHandler) for [Anonymous Symbol]
    lto-llvm-f15b09.o(.text.TIM5_IRQHandler) refers to lto-llvm-f15b09.o(.bss.upload_count) for upload_count
    lto-llvm-f15b09.o(.ARM.exidx.text.TIM5_IRQHandler) refers to lto-llvm-f15b09.o(.text.TIM5_IRQHandler) for [Anonymous Symbol]
    lto-llvm-f15b09.o(.text.SDIO_IRQHandler) refers to lto-llvm-f15b09.o(.bss.TransferError) for TransferError
    lto-llvm-f15b09.o(.text.SDIO_IRQHandler) refers to lto-llvm-f15b09.o(.bss.TransferEnd) for TransferEnd
    lto-llvm-f15b09.o(.ARM.exidx.text.SDIO_IRQHandler) refers to lto-llvm-f15b09.o(.text.SDIO_IRQHandler) for [Anonymous Symbol]
    lto-llvm-f15b09.o(.text.CT_IIC_Start) refers to lto-llvm-f15b09.o(.bss.fac_us) for fac_us
    lto-llvm-f15b09.o(.ARM.exidx.text.CT_IIC_Start) refers to lto-llvm-f15b09.o(.text.CT_IIC_Start) for [Anonymous Symbol]
    lto-llvm-f15b09.o(.text.CT_IIC_Stop) refers to lto-llvm-f15b09.o(.bss.fac_us) for fac_us
    lto-llvm-f15b09.o(.ARM.exidx.text.CT_IIC_Stop) refers to lto-llvm-f15b09.o(.text.CT_IIC_Stop) for [Anonymous Symbol]
    lto-llvm-f15b09.o(.text.CT_IIC_Wait_Ack) refers to lto-llvm-f15b09.o(.bss.fac_us) for fac_us
    lto-llvm-f15b09.o(.text.CT_IIC_Wait_Ack) refers to lto-llvm-f15b09.o(.text.CT_IIC_Stop) for CT_IIC_Stop
    lto-llvm-f15b09.o(.ARM.exidx.text.CT_IIC_Wait_Ack) refers to lto-llvm-f15b09.o(.text.CT_IIC_Wait_Ack) for [Anonymous Symbol]
    lto-llvm-f15b09.o(.text.CT_IIC_Send_Byte) refers to lto-llvm-f15b09.o(.bss.fac_us) for fac_us
    lto-llvm-f15b09.o(.ARM.exidx.text.CT_IIC_Send_Byte) refers to lto-llvm-f15b09.o(.text.CT_IIC_Send_Byte) for [Anonymous Symbol]
    lto-llvm-f15b09.o(.text.GT9147_Writ_REG) refers to lto-llvm-f15b09.o(.text.CT_IIC_Start) for CT_IIC_Start
    lto-llvm-f15b09.o(.text.GT9147_Writ_REG) refers to lto-llvm-f15b09.o(.text.CT_IIC_Send_Byte) for CT_IIC_Send_Byte
    lto-llvm-f15b09.o(.text.GT9147_Writ_REG) refers to lto-llvm-f15b09.o(.text.CT_IIC_Wait_Ack) for CT_IIC_Wait_Ack
    lto-llvm-f15b09.o(.text.GT9147_Writ_REG) refers to lto-llvm-f15b09.o(.text.CT_IIC_Stop) for CT_IIC_Stop
    lto-llvm-f15b09.o(.ARM.exidx.text.GT9147_Writ_REG) refers to lto-llvm-f15b09.o(.text.GT9147_Writ_REG) for [Anonymous Symbol]
    lto-llvm-f15b09.o(.text.Gt9147_init) refers to lto-llvm-f15b09.o(.bss.fac_ms) for fac_ms
    lto-llvm-f15b09.o(.text.Gt9147_init) refers to lto-llvm-f15b09.o(.text.GT9147_Read_REG) for GT9147_Read_REG
    lto-llvm-f15b09.o(.text.Gt9147_init) refers to lto-llvm-f15b09.o(.rodata.str1.1) for .L.str.18
    lto-llvm-f15b09.o(.text.Gt9147_init) refers to memcmp.o(.text) for memcmp
    lto-llvm-f15b09.o(.text.Gt9147_init) refers to lto-llvm-f15b09.o(.text.GT9147_Writ_REG) for GT9147_Writ_REG
    lto-llvm-f15b09.o(.text.Gt9147_init) refers to lto-llvm-f15b09.o(.rodata.GT9147_CFG_TBL) for GT9147_CFG_TBL
    lto-llvm-f15b09.o(.ARM.exidx.text.Gt9147_init) refers to lto-llvm-f15b09.o(.text.Gt9147_init) for [Anonymous Symbol]
    lto-llvm-f15b09.o(.text.GT9147_Read_REG) refers to lto-llvm-f15b09.o(.text.CT_IIC_Start) for CT_IIC_Start
    lto-llvm-f15b09.o(.text.GT9147_Read_REG) refers to lto-llvm-f15b09.o(.text.CT_IIC_Send_Byte) for CT_IIC_Send_Byte
    lto-llvm-f15b09.o(.text.GT9147_Read_REG) refers to lto-llvm-f15b09.o(.text.CT_IIC_Wait_Ack) for CT_IIC_Wait_Ack
    lto-llvm-f15b09.o(.text.GT9147_Read_REG) refers to lto-llvm-f15b09.o(.bss.fac_us) for fac_us
    lto-llvm-f15b09.o(.text.GT9147_Read_REG) refers to lto-llvm-f15b09.o(.text.CT_IIC_Stop) for CT_IIC_Stop
    lto-llvm-f15b09.o(.ARM.exidx.text.GT9147_Read_REG) refers to lto-llvm-f15b09.o(.text.GT9147_Read_REG) for [Anonymous Symbol]
    lto-llvm-f15b09.o(.text.GT9147_Scan) refers to lto-llvm-f15b09.o(.text.GT9147_Read_REG) for GT9147_Read_REG
    lto-llvm-f15b09.o(.text.GT9147_Scan) refers to lto-llvm-f15b09.o(.text.GT9147_Writ_REG) for GT9147_Writ_REG
    lto-llvm-f15b09.o(.text.GT9147_Scan) refers to lto-llvm-f15b09.o(.data.Tp_dev) for Tp_dev
    lto-llvm-f15b09.o(.text.GT9147_Scan) refers to lto-llvm-f15b09.o(.rodata.GT9147_TPX_TBL) for GT9147_TPX_TBL
    lto-llvm-f15b09.o(.ARM.exidx.text.GT9147_Scan) refers to lto-llvm-f15b09.o(.text.GT9147_Scan) for [Anonymous Symbol]
    lto-llvm-f15b09.o(.data.Tp_dev) refers to lto-llvm-f15b09.o(.text.Gt9147_init) for Gt9147_init
    lto-llvm-f15b09.o(.data.Tp_dev) refers to lto-llvm-f15b09.o(.text.GT9147_Scan) for GT9147_Scan


==============================================================================

Removing Unused input sections from the image.

    Removing startup_stm32f10x_hd.o(HEAP), (0 bytes).
    Removing dadd.o(.text), (334 bytes).
    Removing dmul.o(.text), (228 bytes).
    Removing ddiv.o(.text), (222 bytes).
    Removing dfixul.o(.text), (48 bytes).
    Removing cdrcmple.o(.text), (48 bytes).
    Removing depilogue.o(.text), (186 bytes).
    Removing lto-llvm-f15b09.o(.text), (0 bytes).
    Removing lto-llvm-f15b09.o(.ARM.exidx.text.main), (8 bytes).
    Removing lto-llvm-f15b09.o(.ARM.exidx.text.fputc), (8 bytes).
    Removing lto-llvm-f15b09.o(.ARM.exidx.text.Stm32_Clock_Init), (8 bytes).
    Removing lto-llvm-f15b09.o(.ARM.exidx.text.TIM1_UP_IRQHandler), (8 bytes).
    Removing lto-llvm-f15b09.o(.ARM.exidx.text.TIM2_IRQHandler), (8 bytes).
    Removing lto-llvm-f15b09.o(.ARM.exidx.text.TIM3_IRQHandler), (8 bytes).
    Removing lto-llvm-f15b09.o(.ARM.exidx.text.TIM4_IRQHandler), (8 bytes).
    Removing lto-llvm-f15b09.o(.ARM.exidx.text.TIM6_IRQHandler), (8 bytes).
    Removing lto-llvm-f15b09.o(.ARM.exidx.text.TIM7_IRQHandler), (8 bytes).
    Removing lto-llvm-f15b09.o(.ARM.exidx.text.TIM8_UP_IRQHandler), (8 bytes).
    Removing lto-llvm-f15b09.o(.ARM.exidx.text.TIM5_IRQHandler), (8 bytes).
    Removing lto-llvm-f15b09.o(.ARM.exidx.text.SDIO_IRQHandler), (8 bytes).
    Removing lto-llvm-f15b09.o(.ARM.exidx.text.CT_IIC_Start), (8 bytes).
    Removing lto-llvm-f15b09.o(.ARM.exidx.text.CT_IIC_Stop), (8 bytes).
    Removing lto-llvm-f15b09.o(.ARM.exidx.text.CT_IIC_Wait_Ack), (8 bytes).
    Removing lto-llvm-f15b09.o(.ARM.exidx.text.CT_IIC_Send_Byte), (8 bytes).
    Removing lto-llvm-f15b09.o(.ARM.exidx.text.GT9147_Writ_REG), (8 bytes).
    Removing lto-llvm-f15b09.o(.ARM.exidx.text.Gt9147_init), (8 bytes).
    Removing lto-llvm-f15b09.o(.ARM.exidx.text.GT9147_Read_REG), (8 bytes).
    Removing lto-llvm-f15b09.o(.ARM.exidx.text.GT9147_Scan), (8 bytes).
    Removing lto-llvm-f15b09.o(.ARM.use_no_argv), (4 bytes).

29 unused section(s) (total 1230 bytes) removed from the image.

==============================================================================

Image Symbol Table

    Local Symbols

    Symbol Name                              Value     Ov Type        Size  Object(Section)

    ../clib/microlib/division.c              0x00000000   Number         0  uidiv.o ABSOLUTE
    ../clib/microlib/division.c              0x00000000   Number         0  uldiv.o ABSOLUTE
    ../clib/microlib/init/entry.s            0x00000000   Number         0  entry.o ABSOLUTE
    ../clib/microlib/init/entry.s            0x00000000   Number         0  entry2.o ABSOLUTE
    ../clib/microlib/init/entry.s            0x00000000   Number         0  entry5.o ABSOLUTE
    ../clib/microlib/init/entry.s            0x00000000   Number         0  entry7a.o ABSOLUTE
    ../clib/microlib/init/entry.s            0x00000000   Number         0  entry7b.o ABSOLUTE
    ../clib/microlib/init/entry.s            0x00000000   Number         0  entry8a.o ABSOLUTE
    ../clib/microlib/init/entry.s            0x00000000   Number         0  entry8b.o ABSOLUTE
    ../clib/microlib/init/entry.s            0x00000000   Number         0  entry9a.o ABSOLUTE
    ../clib/microlib/init/entry.s            0x00000000   Number         0  entry9b.o ABSOLUTE
    ../clib/microlib/init/entry.s            0x00000000   Number         0  entry10a.o ABSOLUTE
    ../clib/microlib/init/entry.s            0x00000000   Number         0  entry10b.o ABSOLUTE
    ../clib/microlib/init/entry.s            0x00000000   Number         0  entry11a.o ABSOLUTE
    ../clib/microlib/init/entry.s            0x00000000   Number         0  entry11b.o ABSOLUTE
    ../clib/microlib/longlong.c              0x00000000   Number         0  llshl.o ABSOLUTE
    ../clib/microlib/longlong.c              0x00000000   Number         0  llushr.o ABSOLUTE
    ../clib/microlib/longlong.c              0x00000000   Number         0  llsshr.o ABSOLUTE
    ../clib/microlib/printf/printf.c         0x00000000   Number         0  printfb.o ABSOLUTE
    ../clib/microlib/printf/printf.c         0x00000000   Number         0  printf0.o ABSOLUTE
    ../clib/microlib/printf/printf.c         0x00000000   Number         0  printf1.o ABSOLUTE
    ../clib/microlib/printf/printf.c         0x00000000   Number         0  printf2.o ABSOLUTE
    ../clib/microlib/printf/printf.c         0x00000000   Number         0  printf3.o ABSOLUTE
    ../clib/microlib/printf/printf.c         0x00000000   Number         0  printf4.o ABSOLUTE
    ../clib/microlib/printf/printf.c         0x00000000   Number         0  printf5.o ABSOLUTE
    ../clib/microlib/printf/printf.c         0x00000000   Number         0  printf6.o ABSOLUTE
    ../clib/microlib/printf/printf.c         0x00000000   Number         0  printf7.o ABSOLUTE
    ../clib/microlib/printf/printf.c         0x00000000   Number         0  printf8.o ABSOLUTE
    ../clib/microlib/printf/printf.c         0x00000000   Number         0  printfa.o ABSOLUTE
    ../clib/microlib/printf/stubs.s          0x00000000   Number         0  printfstubs.o ABSOLUTE
    ../clib/microlib/stdio/puts.c            0x00000000   Number         0  puts.o ABSOLUTE
    ../clib/microlib/stdio/puts.c            0x00000000   Number         0  puts_e.o ABSOLUTE
    ../clib/microlib/stdio/streams.c         0x00000000   Number         0  stdout.o ABSOLUTE
    ../clib/microlib/string/memcmp.c         0x00000000   Number         0  memcmp.o ABSOLUTE
    ../clib/microlib/stubs.s                 0x00000000   Number         0  iusefp.o ABSOLUTE
    ../fplib/microlib/fpadd.c                0x00000000   Number         0  dadd.o ABSOLUTE
    ../fplib/microlib/fpdiv.c                0x00000000   Number         0  ddiv.o ABSOLUTE
    ../fplib/microlib/fpepilogue.c           0x00000000   Number         0  depilogue.o ABSOLUTE
    ../fplib/microlib/fpfix.c                0x00000000   Number         0  dfixul.o ABSOLUTE
    ../fplib/microlib/fpmul.c                0x00000000   Number         0  dmul.o ABSOLUTE
    cdrcmple.s                               0x00000000   Number         0  cdrcmple.o ABSOLUTE
    dc.s                                     0x00000000   Number         0  dc.o ABSOLUTE
    handlers.s                               0x00000000   Number         0  handlers.o ABSOLUTE
    init.s                                   0x00000000   Number         0  init.o ABSOLUTE
    ld-temp.o                                0x00000000   Number         0  lto-llvm-f15b09.o ABSOLUTE
    startup_stm32f10x_hd.s                   0x00000000   Number         0  startup_stm32f10x_hd.o ABSOLUTE
    RESET                                    0x08000000   Section      304  startup_stm32f10x_hd.o(RESET)
    .ARM.Collect$$$$00000000                 0x08000130   Section        0  entry.o(.ARM.Collect$$$$00000000)
    .ARM.Collect$$$$00000001                 0x08000130   Section        4  entry2.o(.ARM.Collect$$$$00000001)
    .ARM.Collect$$$$00000004                 0x08000134   Section        4  entry5.o(.ARM.Collect$$$$00000004)
    .ARM.Collect$$$$00000008                 0x08000138   Section        0  entry7b.o(.ARM.Collect$$$$00000008)
    .ARM.Collect$$$$0000000A                 0x08000138   Section        0  entry8b.o(.ARM.Collect$$$$0000000A)
    .ARM.Collect$$$$0000000B                 0x08000138   Section        8  entry9a.o(.ARM.Collect$$$$0000000B)
    __lit__00000000                          0x08000140   Data           4  entry2.o(.ARM.Collect$$$$00002712)
    .ARM.Collect$$$$0000000D                 0x08000140   Section        0  entry10a.o(.ARM.Collect$$$$0000000D)
    .ARM.Collect$$$$0000000F                 0x08000140   Section        0  entry11a.o(.ARM.Collect$$$$0000000F)
    .ARM.Collect$$$$00002712                 0x08000140   Section        4  entry2.o(.ARM.Collect$$$$00002712)
    .text                                    0x08000144   Section       36  startup_stm32f10x_hd.o(.text)
    .text                                    0x08000168   Section        0  memcmp.o(.text)
    .text                                    0x08000184   Section       36  init.o(.text)
    CT_IIC_Send_Byte                         0x080001a9   Thumb Code   174  lto-llvm-f15b09.o(.text.CT_IIC_Send_Byte)
    [Anonymous Symbol]                       0x080001a8   Section        0  lto-llvm-f15b09.o(.text.CT_IIC_Send_Byte)
    CT_IIC_Start                             0x08000259   Thumb Code   146  lto-llvm-f15b09.o(.text.CT_IIC_Start)
    [Anonymous Symbol]                       0x08000258   Section        0  lto-llvm-f15b09.o(.text.CT_IIC_Start)
    CT_IIC_Stop                              0x080002ed   Thumb Code   134  lto-llvm-f15b09.o(.text.CT_IIC_Stop)
    [Anonymous Symbol]                       0x080002ec   Section        0  lto-llvm-f15b09.o(.text.CT_IIC_Stop)
    CT_IIC_Wait_Ack                          0x08000375   Thumb Code   162  lto-llvm-f15b09.o(.text.CT_IIC_Wait_Ack)
    [Anonymous Symbol]                       0x08000374   Section        0  lto-llvm-f15b09.o(.text.CT_IIC_Wait_Ack)
    GT9147_Read_REG                          0x08000419   Thumb Code   418  lto-llvm-f15b09.o(.text.GT9147_Read_REG)
    [Anonymous Symbol]                       0x08000418   Section        0  lto-llvm-f15b09.o(.text.GT9147_Read_REG)
    GT9147_Scan                              0x080005bd   Thumb Code   182  lto-llvm-f15b09.o(.text.GT9147_Scan)
    [Anonymous Symbol]                       0x080005bc   Section        0  lto-llvm-f15b09.o(.text.GT9147_Scan)
    GT9147_Writ_REG                          0x08000675   Thumb Code    78  lto-llvm-f15b09.o(.text.GT9147_Writ_REG)
    [Anonymous Symbol]                       0x08000674   Section        0  lto-llvm-f15b09.o(.text.GT9147_Writ_REG)
    Gt9147_init                              0x080006c5   Thumb Code   546  lto-llvm-f15b09.o(.text.Gt9147_init)
    [Anonymous Symbol]                       0x080006c4   Section        0  lto-llvm-f15b09.o(.text.Gt9147_init)
    [Anonymous Symbol]                       0x080008e6   Section        0  lto-llvm-f15b09.o(.text.SDIO_IRQHandler)
    [Anonymous Symbol]                       0x080009dc   Section        0  lto-llvm-f15b09.o(.text.Stm32_Clock_Init)
    [Anonymous Symbol]                       0x08000a9a   Section        0  lto-llvm-f15b09.o(.text.TIM1_UP_IRQHandler)
    [Anonymous Symbol]                       0x08000aae   Section        0  lto-llvm-f15b09.o(.text.TIM2_IRQHandler)
    [Anonymous Symbol]                       0x08000ac0   Section        0  lto-llvm-f15b09.o(.text.TIM3_IRQHandler)
    [Anonymous Symbol]                       0x08000ad4   Section        0  lto-llvm-f15b09.o(.text.TIM4_IRQHandler)
    [Anonymous Symbol]                       0x08000ae8   Section        0  lto-llvm-f15b09.o(.text.TIM5_IRQHandler)
    [Anonymous Symbol]                       0x08000b3e   Section        0  lto-llvm-f15b09.o(.text.TIM6_IRQHandler)
    [Anonymous Symbol]                       0x08000b52   Section        0  lto-llvm-f15b09.o(.text.TIM7_IRQHandler)
    [Anonymous Symbol]                       0x08000b66   Section        0  lto-llvm-f15b09.o(.text.TIM8_UP_IRQHandler)
    [Anonymous Symbol]                       0x08000b7c   Section        0  lto-llvm-f15b09.o(.text.fputc)
    [Anonymous Symbol]                       0x08000b90   Section        0  lto-llvm-f15b09.o(.text.main)
    i.__scatterload_copy                     0x08001e9e   Section       14  handlers.o(i.__scatterload_copy)
    i.__scatterload_null                     0x08001eac   Section        2  handlers.o(i.__scatterload_null)
    i.__scatterload_zeroinit                 0x08001eae   Section       14  handlers.o(i.__scatterload_zeroinit)
    i.puts                                   0x08001ebc   Section        0  puts.o(i.puts)
    GT9147_CFG_TBL                           0x08001ee0   Data         184  lto-llvm-f15b09.o(.rodata.GT9147_CFG_TBL)
    [Anonymous Symbol]                       0x08001ee0   Section        0  lto-llvm-f15b09.o(.rodata.GT9147_CFG_TBL)
    GT9147_TPX_TBL                           0x08001f98   Data          10  lto-llvm-f15b09.o(.rodata.GT9147_TPX_TBL)
    [Anonymous Symbol]                       0x08001f98   Section        0  lto-llvm-f15b09.o(.rodata.GT9147_TPX_TBL)
    .Lstr.3                                  0x08001fa2   Data          16  lto-llvm-f15b09.o(.rodata.str1.1)
    [Anonymous Symbol]                       0x08001fa2   Section        0  lto-llvm-f15b09.o(.rodata.str1.1)
    .Lstr.4                                  0x08001fb2   Data          17  lto-llvm-f15b09.o(.rodata.str1.1)
    .Lstr                                    0x08001fc3   Data          17  lto-llvm-f15b09.o(.rodata.str1.1)
    .L.str.18                                0x08001fd4   Data           5  lto-llvm-f15b09.o(.rodata.str1.1)
    .data                                    0x20000000   Section        4  stdout.o(.data)
    Tp_dev                                   0x20000004   Data          32  lto-llvm-f15b09.o(.data.Tp_dev)
    [Anonymous Symbol]                       0x20000004   Section        0  lto-llvm-f15b09.o(.data.Tp_dev)
    TransferEnd                              0x20000028   Data           1  lto-llvm-f15b09.o(.bss.TransferEnd)
    [Anonymous Symbol]                       0x20000028   Section        0  lto-llvm-f15b09.o(.bss.TransferEnd)
    TransferError                            0x20000029   Data           1  lto-llvm-f15b09.o(.bss.TransferError)
    [Anonymous Symbol]                       0x20000029   Section        0  lto-llvm-f15b09.o(.bss.TransferError)
    fac_ms                                   0x2000002a   Data           1  lto-llvm-f15b09.o(.bss.fac_ms)
    [Anonymous Symbol]                       0x2000002a   Section        0  lto-llvm-f15b09.o(.bss.fac_ms)
    fac_us                                   0x2000002b   Data           1  lto-llvm-f15b09.o(.bss.fac_us)
    [Anonymous Symbol]                       0x2000002b   Section        0  lto-llvm-f15b09.o(.bss.fac_us)
    upload_count                             0x2000002c   Data           4  lto-llvm-f15b09.o(.bss.upload_count)
    [Anonymous Symbol]                       0x2000002c   Section        0  lto-llvm-f15b09.o(.bss.upload_count)
    STACK                                    0x20000030   Section     8192  startup_stm32f10x_hd.o(STACK)

    Global Symbols

    Symbol Name                              Value     Ov Type        Size  Object(Section)

    BuildAttributes$$THM_ISAv4$P$D$K$B$S$PE$A:L22UL41UL21$X:L11$S22US41US21$IEEE1$IW$~IW$USESV6$~STKCKD$USESV7$~SHL$OSPACE$ROPI$IEEEF$EBA8$MICROLIB$REQ8$PRES8$EABIv2 0x00000000   Number         0  anon$$obj.o ABSOLUTE
    _printf_a                                0x00000000   Number         0  printfstubs.o ABSOLUTE
    _printf_c                                0x00000000   Number         0  printfstubs.o ABSOLUTE
    _printf_charcount                        0x00000000   Number         0  printfstubs.o ABSOLUTE
    _printf_d                                0x00000000   Number         0  printfstubs.o ABSOLUTE
    _printf_e                                0x00000000   Number         0  printfstubs.o ABSOLUTE
    _printf_f                                0x00000000   Number         0  printfstubs.o ABSOLUTE
    _printf_flags                            0x00000000   Number         0  printfstubs.o ABSOLUTE
    _printf_fp_dec                           0x00000000   Number         0  printfstubs.o ABSOLUTE
    _printf_fp_hex                           0x00000000   Number         0  printfstubs.o ABSOLUTE
    _printf_g                                0x00000000   Number         0  printfstubs.o ABSOLUTE
    _printf_i                                0x00000000   Number         0  printfstubs.o ABSOLUTE
    _printf_int_dec                          0x00000000   Number         0  printfstubs.o ABSOLUTE
    _printf_l                                0x00000000   Number         0  printfstubs.o ABSOLUTE
    _printf_lc                               0x00000000   Number         0  printfstubs.o ABSOLUTE
    _printf_ll                               0x00000000   Number         0  printfstubs.o ABSOLUTE
    _printf_lld                              0x00000000   Number         0  printfstubs.o ABSOLUTE
    _printf_lli                              0x00000000   Number         0  printfstubs.o ABSOLUTE
    _printf_llo                              0x00000000   Number         0  printfstubs.o ABSOLUTE
    _printf_llu                              0x00000000   Number         0  printfstubs.o ABSOLUTE
    _printf_llx                              0x00000000   Number         0  printfstubs.o ABSOLUTE
    _printf_longlong_dec                     0x00000000   Number         0  printfstubs.o ABSOLUTE
    _printf_longlong_hex                     0x00000000   Number         0  printfstubs.o ABSOLUTE
    _printf_longlong_oct                     0x00000000   Number         0  printfstubs.o ABSOLUTE
    _printf_ls                               0x00000000   Number         0  printfstubs.o ABSOLUTE
    _printf_mbtowc                           0x00000000   Number         0  printfstubs.o ABSOLUTE
    _printf_n                                0x00000000   Number         0  printfstubs.o ABSOLUTE
    _printf_o                                0x00000000   Number         0  printfstubs.o ABSOLUTE
    _printf_p                                0x00000000   Number         0  printfstubs.o ABSOLUTE
    _printf_percent                          0x00000000   Number         0  printfstubs.o ABSOLUTE
    _printf_pre_padding                      0x00000000   Number         0  printfstubs.o ABSOLUTE
    _printf_return_value                     0x00000000   Number         0  printfstubs.o ABSOLUTE
    _printf_s                                0x00000000   Number         0  printfstubs.o ABSOLUTE
    _printf_sizespec                         0x00000000   Number         0  printfstubs.o ABSOLUTE
    _printf_str                              0x00000000   Number         0  printfstubs.o ABSOLUTE
    _printf_truncate_signed                  0x00000000   Number         0  printfstubs.o ABSOLUTE
    _printf_truncate_unsigned                0x00000000   Number         0  printfstubs.o ABSOLUTE
    _printf_u                                0x00000000   Number         0  printfstubs.o ABSOLUTE
    _printf_wc                               0x00000000   Number         0  printfstubs.o ABSOLUTE
    _printf_wctomb                           0x00000000   Number         0  printfstubs.o ABSOLUTE
    _printf_widthprec                        0x00000000   Number         0  printfstubs.o ABSOLUTE
    _printf_x                                0x00000000   Number         0  printfstubs.o ABSOLUTE
    __cpp_initialize__aeabi_                  - Undefined Weak Reference
    __cxa_finalize                            - Undefined Weak Reference
    __decompress                              - Undefined Weak Reference
    _clock_init                               - Undefined Weak Reference
    _microlib_exit                            - Undefined Weak Reference
    __Vectors_Size                           0x00000130   Number         0  startup_stm32f10x_hd.o ABSOLUTE
    __Vectors                                0x08000000   Data           4  startup_stm32f10x_hd.o(RESET)
    __Vectors_End                            0x08000130   Data           0  startup_stm32f10x_hd.o(RESET)
    __main                                   0x08000131   Thumb Code     0  entry.o(.ARM.Collect$$$$00000000)
    _main_stk                                0x08000131   Thumb Code     0  entry2.o(.ARM.Collect$$$$00000001)
    _main_scatterload                        0x08000135   Thumb Code     0  entry5.o(.ARM.Collect$$$$00000004)
    __main_after_scatterload                 0x08000139   Thumb Code     0  entry5.o(.ARM.Collect$$$$00000004)
    _main_clock                              0x08000139   Thumb Code     0  entry7b.o(.ARM.Collect$$$$00000008)
    _main_cpp_init                           0x08000139   Thumb Code     0  entry8b.o(.ARM.Collect$$$$0000000A)
    _main_init                               0x08000139   Thumb Code     0  entry9a.o(.ARM.Collect$$$$0000000B)
    __rt_final_cpp                           0x08000141   Thumb Code     0  entry10a.o(.ARM.Collect$$$$0000000D)
    __rt_final_exit                          0x08000141   Thumb Code     0  entry11a.o(.ARM.Collect$$$$0000000F)
    Reset_Handler                            0x08000145   Thumb Code     8  startup_stm32f10x_hd.o(.text)
    NMI_Handler                              0x0800014d   Thumb Code     2  startup_stm32f10x_hd.o(.text)
    HardFault_Handler                        0x0800014f   Thumb Code     2  startup_stm32f10x_hd.o(.text)
    MemManage_Handler                        0x08000151   Thumb Code     2  startup_stm32f10x_hd.o(.text)
    BusFault_Handler                         0x08000153   Thumb Code     2  startup_stm32f10x_hd.o(.text)
    UsageFault_Handler                       0x08000155   Thumb Code     2  startup_stm32f10x_hd.o(.text)
    SVC_Handler                              0x08000157   Thumb Code     2  startup_stm32f10x_hd.o(.text)
    DebugMon_Handler                         0x08000159   Thumb Code     2  startup_stm32f10x_hd.o(.text)
    PendSV_Handler                           0x0800015b   Thumb Code     2  startup_stm32f10x_hd.o(.text)
    SysTick_Handler                          0x0800015d   Thumb Code     2  startup_stm32f10x_hd.o(.text)
    ADC1_2_IRQHandler                        0x0800015f   Thumb Code     0  startup_stm32f10x_hd.o(.text)
    ADC3_IRQHandler                          0x0800015f   Thumb Code     0  startup_stm32f10x_hd.o(.text)
    CAN1_RX1_IRQHandler                      0x0800015f   Thumb Code     0  startup_stm32f10x_hd.o(.text)
    CAN1_SCE_IRQHandler                      0x0800015f   Thumb Code     0  startup_stm32f10x_hd.o(.text)
    DMA1_Channel1_IRQHandler                 0x0800015f   Thumb Code     0  startup_stm32f10x_hd.o(.text)
    DMA1_Channel2_IRQHandler                 0x0800015f   Thumb Code     0  startup_stm32f10x_hd.o(.text)
    DMA1_Channel3_IRQHandler                 0x0800015f   Thumb Code     0  startup_stm32f10x_hd.o(.text)
    DMA1_Channel4_IRQHandler                 0x0800015f   Thumb Code     0  startup_stm32f10x_hd.o(.text)
    DMA1_Channel5_IRQHandler                 0x0800015f   Thumb Code     0  startup_stm32f10x_hd.o(.text)
    DMA1_Channel6_IRQHandler                 0x0800015f   Thumb Code     0  startup_stm32f10x_hd.o(.text)
    DMA1_Channel7_IRQHandler                 0x0800015f   Thumb Code     0  startup_stm32f10x_hd.o(.text)
    DMA2_Channel1_IRQHandler                 0x0800015f   Thumb Code     0  startup_stm32f10x_hd.o(.text)
    DMA2_Channel2_IRQHandler                 0x0800015f   Thumb Code     0  startup_stm32f10x_hd.o(.text)
    DMA2_Channel3_IRQHandler                 0x0800015f   Thumb Code     0  startup_stm32f10x_hd.o(.text)
    DMA2_Channel4_5_IRQHandler               0x0800015f   Thumb Code     0  startup_stm32f10x_hd.o(.text)
    EXTI0_IRQHandler                         0x0800015f   Thumb Code     0  startup_stm32f10x_hd.o(.text)
    EXTI15_10_IRQHandler                     0x0800015f   Thumb Code     0  startup_stm32f10x_hd.o(.text)
    EXTI1_IRQHandler                         0x0800015f   Thumb Code     0  startup_stm32f10x_hd.o(.text)
    EXTI2_IRQHandler                         0x0800015f   Thumb Code     0  startup_stm32f10x_hd.o(.text)
    EXTI3_IRQHandler                         0x0800015f   Thumb Code     0  startup_stm32f10x_hd.o(.text)
    EXTI4_IRQHandler                         0x0800015f   Thumb Code     0  startup_stm32f10x_hd.o(.text)
    EXTI9_5_IRQHandler                       0x0800015f   Thumb Code     0  startup_stm32f10x_hd.o(.text)
    FLASH_IRQHandler                         0x0800015f   Thumb Code     0  startup_stm32f10x_hd.o(.text)
    FSMC_IRQHandler                          0x0800015f   Thumb Code     0  startup_stm32f10x_hd.o(.text)
    I2C1_ER_IRQHandler                       0x0800015f   Thumb Code     0  startup_stm32f10x_hd.o(.text)
    I2C1_EV_IRQHandler                       0x0800015f   Thumb Code     0  startup_stm32f10x_hd.o(.text)
    I2C2_ER_IRQHandler                       0x0800015f   Thumb Code     0  startup_stm32f10x_hd.o(.text)
    I2C2_EV_IRQHandler                       0x0800015f   Thumb Code     0  startup_stm32f10x_hd.o(.text)
    PVD_IRQHandler                           0x0800015f   Thumb Code     0  startup_stm32f10x_hd.o(.text)
    RCC_IRQHandler                           0x0800015f   Thumb Code     0  startup_stm32f10x_hd.o(.text)
    RTCAlarm_IRQHandler                      0x0800015f   Thumb Code     0  startup_stm32f10x_hd.o(.text)
    RTC_IRQHandler                           0x0800015f   Thumb Code     0  startup_stm32f10x_hd.o(.text)
    SPI1_IRQHandler                          0x0800015f   Thumb Code     0  startup_stm32f10x_hd.o(.text)
    SPI2_IRQHandler                          0x0800015f   Thumb Code     0  startup_stm32f10x_hd.o(.text)
    SPI3_IRQHandler                          0x0800015f   Thumb Code     0  startup_stm32f10x_hd.o(.text)
    TAMPER_IRQHandler                        0x0800015f   Thumb Code     0  startup_stm32f10x_hd.o(.text)
    TIM1_BRK_IRQHandler                      0x0800015f   Thumb Code     0  startup_stm32f10x_hd.o(.text)
    TIM1_CC_IRQHandler                       0x0800015f   Thumb Code     0  startup_stm32f10x_hd.o(.text)
    TIM1_TRG_COM_IRQHandler                  0x0800015f   Thumb Code     0  startup_stm32f10x_hd.o(.text)
    TIM8_BRK_IRQHandler                      0x0800015f   Thumb Code     0  startup_stm32f10x_hd.o(.text)
    TIM8_CC_IRQHandler                       0x0800015f   Thumb Code     0  startup_stm32f10x_hd.o(.text)
    TIM8_TRG_COM_IRQHandler                  0x0800015f   Thumb Code     0  startup_stm32f10x_hd.o(.text)
    UART4_IRQHandler                         0x0800015f   Thumb Code     0  startup_stm32f10x_hd.o(.text)
    UART5_IRQHandler                         0x0800015f   Thumb Code     0  startup_stm32f10x_hd.o(.text)
    USART1_IRQHandler                        0x0800015f   Thumb Code     0  startup_stm32f10x_hd.o(.text)
    USART2_IRQHandler                        0x0800015f   Thumb Code     0  startup_stm32f10x_hd.o(.text)
    USART3_IRQHandler                        0x0800015f   Thumb Code     0  startup_stm32f10x_hd.o(.text)
    USBWakeUp_IRQHandler                     0x0800015f   Thumb Code     0  startup_stm32f10x_hd.o(.text)
    USB_HP_CAN1_TX_IRQHandler                0x0800015f   Thumb Code     0  startup_stm32f10x_hd.o(.text)
    USB_LP_CAN1_RX0_IRQHandler               0x0800015f   Thumb Code     0  startup_stm32f10x_hd.o(.text)
    WWDG_IRQHandler                          0x0800015f   Thumb Code     0  startup_stm32f10x_hd.o(.text)
    memcmp                                   0x08000169   Thumb Code    26  memcmp.o(.text)
    __scatterload                            0x08000185   Thumb Code    28  init.o(.text)
    __scatterload_rt2                        0x08000185   Thumb Code     0  init.o(.text)
    SDIO_IRQHandler                          0x080008e7   Thumb Code   244  lto-llvm-f15b09.o(.text.SDIO_IRQHandler)
    Stm32_Clock_Init                         0x080009dd   Thumb Code   190  lto-llvm-f15b09.o(.text.Stm32_Clock_Init)
    TIM1_UP_IRQHandler                       0x08000a9b   Thumb Code    20  lto-llvm-f15b09.o(.text.TIM1_UP_IRQHandler)
    TIM2_IRQHandler                          0x08000aaf   Thumb Code    18  lto-llvm-f15b09.o(.text.TIM2_IRQHandler)
    TIM3_IRQHandler                          0x08000ac1   Thumb Code    20  lto-llvm-f15b09.o(.text.TIM3_IRQHandler)
    TIM4_IRQHandler                          0x08000ad5   Thumb Code    20  lto-llvm-f15b09.o(.text.TIM4_IRQHandler)
    TIM5_IRQHandler                          0x08000ae9   Thumb Code    86  lto-llvm-f15b09.o(.text.TIM5_IRQHandler)
    TIM6_IRQHandler                          0x08000b3f   Thumb Code    20  lto-llvm-f15b09.o(.text.TIM6_IRQHandler)
    TIM7_IRQHandler                          0x08000b53   Thumb Code    20  lto-llvm-f15b09.o(.text.TIM7_IRQHandler)
    TIM8_UP_IRQHandler                       0x08000b67   Thumb Code    20  lto-llvm-f15b09.o(.text.TIM8_UP_IRQHandler)
    fputc                                    0x08000b7d   Thumb Code    20  lto-llvm-f15b09.o(.text.fputc)
    main                                     0x08000b91   Thumb Code  4878  lto-llvm-f15b09.o(.text.main)
    __scatterload_copy                       0x08001e9f   Thumb Code    14  handlers.o(i.__scatterload_copy)
    __scatterload_null                       0x08001ead   Thumb Code     2  handlers.o(i.__scatterload_null)
    __scatterload_zeroinit                   0x08001eaf   Thumb Code    14  handlers.o(i.__scatterload_zeroinit)
    puts                                     0x08001ebd   Thumb Code    30  puts.o(i.puts)
    Region$$Table$$Base                      0x08001fdc   Number         0  anon$$obj.o(Region$$Table)
    Region$$Table$$Limit                     0x08001ffc   Number         0  anon$$obj.o(Region$$Table)
    __stdout                                 0x20000000   Data           4  stdout.o(.data)
    __initial_sp                             0x20002030   Data           0  startup_stm32f10x_hd.o(STACK)



==============================================================================

Memory Map of the image

  Image Entry point : 0x08000131

  Load Region LR_IROM1 (Base: 0x08000000, Size: 0x00002028, Max: 0x00080000, ABSOLUTE)

    Execution Region ER_IROM1 (Exec base: 0x08000000, Load base: 0x08000000, Size: 0x00001ffc, Max: 0x00080000, ABSOLUTE)

    Exec Addr    Load Addr    Size         Type   Attr      Idx    E Section Name        Object

    0x08000000   0x08000000   0x00000130   Data   RO            3    RESET               startup_stm32f10x_hd.o
    0x08000130   0x08000130   0x00000000   Code   RO           36  * .ARM.Collect$$$$00000000  mc_w.l(entry.o)
    0x08000130   0x08000130   0x00000004   Code   RO          306    .ARM.Collect$$$$00000001  mc_w.l(entry2.o)
    0x08000134   0x08000134   0x00000004   Code   RO          309    .ARM.Collect$$$$00000004  mc_w.l(entry5.o)
    0x08000138   0x08000138   0x00000000   Code   RO          311    .ARM.Collect$$$$00000008  mc_w.l(entry7b.o)
    0x08000138   0x08000138   0x00000000   Code   RO          313    .ARM.Collect$$$$0000000A  mc_w.l(entry8b.o)
    0x08000138   0x08000138   0x00000008   Code   RO          314    .ARM.Collect$$$$0000000B  mc_w.l(entry9a.o)
    0x08000140   0x08000140   0x00000000   Code   RO          316    .ARM.Collect$$$$0000000D  mc_w.l(entry10a.o)
    0x08000140   0x08000140   0x00000000   Code   RO          318    .ARM.Collect$$$$0000000F  mc_w.l(entry11a.o)
    0x08000140   0x08000140   0x00000004   Code   RO          307    .ARM.Collect$$$$00002712  mc_w.l(entry2.o)
    0x08000144   0x08000144   0x00000024   Code   RO            4    .text               startup_stm32f10x_hd.o
    0x08000168   0x08000168   0x0000001a   Code   RO           43    .text               mc_w.l(memcmp.o)
    0x08000182   0x08000182   0x00000002   PAD
    0x08000184   0x08000184   0x00000024   Code   RO          336    .text               mc_w.l(init.o)
    0x080001a8   0x080001a8   0x000000ae   Code   RO          377    .text.CT_IIC_Send_Byte  lto-llvm-f15b09.o
    0x08000256   0x08000256   0x00000002   PAD
    0x08000258   0x08000258   0x00000092   Code   RO          371    .text.CT_IIC_Start  lto-llvm-f15b09.o
    0x080002ea   0x080002ea   0x00000002   PAD
    0x080002ec   0x080002ec   0x00000086   Code   RO          373    .text.CT_IIC_Stop   lto-llvm-f15b09.o
    0x08000372   0x08000372   0x00000002   PAD
    0x08000374   0x08000374   0x000000a2   Code   RO          375    .text.CT_IIC_Wait_Ack  lto-llvm-f15b09.o
    0x08000416   0x08000416   0x00000002   PAD
    0x08000418   0x08000418   0x000001a2   Code   RO          383    .text.GT9147_Read_REG  lto-llvm-f15b09.o
    0x080005ba   0x080005ba   0x00000002   PAD
    0x080005bc   0x080005bc   0x000000b6   Code   RO          385    .text.GT9147_Scan   lto-llvm-f15b09.o
    0x08000672   0x08000672   0x00000002   PAD
    0x08000674   0x08000674   0x0000004e   Code   RO          379    .text.GT9147_Writ_REG  lto-llvm-f15b09.o
    0x080006c2   0x080006c2   0x00000002   PAD
    0x080006c4   0x080006c4   0x00000222   Code   RO          381    .text.Gt9147_init   lto-llvm-f15b09.o
    0x080008e6   0x080008e6   0x000000f4   Code   RO          369    .text.SDIO_IRQHandler  lto-llvm-f15b09.o
    0x080009da   0x080009da   0x00000002   PAD
    0x080009dc   0x080009dc   0x000000be   Code   RO          351    .text.Stm32_Clock_Init  lto-llvm-f15b09.o
    0x08000a9a   0x08000a9a   0x00000014   Code   RO          353    .text.TIM1_UP_IRQHandler  lto-llvm-f15b09.o
    0x08000aae   0x08000aae   0x00000012   Code   RO          355    .text.TIM2_IRQHandler  lto-llvm-f15b09.o
    0x08000ac0   0x08000ac0   0x00000014   Code   RO          357    .text.TIM3_IRQHandler  lto-llvm-f15b09.o
    0x08000ad4   0x08000ad4   0x00000014   Code   RO          359    .text.TIM4_IRQHandler  lto-llvm-f15b09.o
    0x08000ae8   0x08000ae8   0x00000056   Code   RO          367    .text.TIM5_IRQHandler  lto-llvm-f15b09.o
    0x08000b3e   0x08000b3e   0x00000014   Code   RO          361    .text.TIM6_IRQHandler  lto-llvm-f15b09.o
    0x08000b52   0x08000b52   0x00000014   Code   RO          363    .text.TIM7_IRQHandler  lto-llvm-f15b09.o
    0x08000b66   0x08000b66   0x00000014   Code   RO          365    .text.TIM8_UP_IRQHandler  lto-llvm-f15b09.o
    0x08000b7a   0x08000b7a   0x00000002   PAD
    0x08000b7c   0x08000b7c   0x00000014   Code   RO          349    .text.fputc         lto-llvm-f15b09.o
    0x08000b90   0x08000b90   0x0000130e   Code   RO          347    .text.main          lto-llvm-f15b09.o
    0x08001e9e   0x08001e9e   0x0000000e   Code   RO          406    i.__scatterload_copy  mc_w.l(handlers.o)
    0x08001eac   0x08001eac   0x00000002   Code   RO          407    i.__scatterload_null  mc_w.l(handlers.o)
    0x08001eae   0x08001eae   0x0000000e   Code   RO          408    i.__scatterload_zeroinit  mc_w.l(handlers.o)
    0x08001ebc   0x08001ebc   0x00000024   Code   RO           39    i.puts              mc_w.l(puts.o)
    0x08001ee0   0x08001ee0   0x000000b8   Data   RO          395    .rodata.GT9147_CFG_TBL  lto-llvm-f15b09.o
    0x08001f98   0x08001f98   0x0000000a   Data   RO          396    .rodata.GT9147_TPX_TBL  lto-llvm-f15b09.o
    0x08001fa2   0x08001fa2   0x00000037   Data   RO          388    .rodata.str1.1      lto-llvm-f15b09.o
    0x08001fd9   0x08001fd9   0x00000003   PAD
    0x08001fdc   0x08001fdc   0x00000020   Data   RO          405    Region$$Table       anon$$obj.o


    Execution Region RW_IRAM1 (Exec base: 0x20000000, Load base: 0x08002000, Size: 0x00002030, Max: 0x00010000, ABSOLUTE)

    Exec Addr    Load Addr    Size         Type   Attr      Idx    E Section Name        Object

    0x20000000   0x08002000   0x00000004   Data   RW          320    .data               mc_w.l(stdout.o)
    0x20000004   0x08002004   0x00000020   Data   RW          394    .data.Tp_dev        lto-llvm-f15b09.o
    0x20000024   0x08002024   0x00000004   PAD
    0x20000028        -       0x00000001   Zero   RW          393    .bss.TransferEnd    lto-llvm-f15b09.o
    0x20000029        -       0x00000001   Zero   RW          392    .bss.TransferError  lto-llvm-f15b09.o
    0x2000002a        -       0x00000001   Zero   RW          390    .bss.fac_ms         lto-llvm-f15b09.o
    0x2000002b        -       0x00000001   Zero   RW          389    .bss.fac_us         lto-llvm-f15b09.o
    0x2000002c        -       0x00000004   Zero   RW          391    .bss.upload_count   lto-llvm-f15b09.o
    0x20000030        -       0x00002000   Zero   RW            1    STACK               startup_stm32f10x_hd.o


==============================================================================

Image component sizes


      Code (inc. data)   RO Data    RW Data    ZI Data      Debug   Object Name

      7396          0        249         32          8      74281   lto-llvm-f15b09.o
        36          8        304          0       8192        776   startup_stm32f10x_hd.o

    ----------------------------------------------------------------------
      7450          8        588         32       8204      75057   Object Totals
         0          0         32          0          0          0   (incl. Generated)
        18          0          3          0          4          0   (incl. Padding)

    ----------------------------------------------------------------------

      Code (inc. data)   RO Data    RW Data    ZI Data      Debug   Library Member Name

         0          0          0          0          0          0   entry.o
         0          0          0          0          0          0   entry10a.o
         0          0          0          0          0          0   entry11a.o
         8          4          0          0          0          0   entry2.o
         4          0          0          0          0          0   entry5.o
         0          0          0          0          0          0   entry7b.o
         0          0          0          0          0          0   entry8b.o
         8          4          0          0          0          0   entry9a.o
        30          0          0          0          0          0   handlers.o
        36          8          0          0          0         68   init.o
        26          0          0          0          0         80   memcmp.o
        36          6          0          0          0         80   puts.o
         0          0          0          4          0          0   stdout.o

    ----------------------------------------------------------------------
       150         22          0          4          0        228   Library Totals
         2          0          0          0          0          0   (incl. Padding)

    ----------------------------------------------------------------------

      Code (inc. data)   RO Data    RW Data    ZI Data      Debug   Library Name

       148         22          0          4          0        228   mc_w.l

    ----------------------------------------------------------------------
       150         22          0          4          0        228   Library Totals

    ----------------------------------------------------------------------

==============================================================================


      Code (inc. data)   RO Data    RW Data    ZI Data      Debug   

      7600         30        588         36       8204      75437   Grand Totals
      7600         30        588         36       8204      75437   ELF Image Totals
      7600         30        588         36          0          0   ROM Totals

==============================================================================

    Total RO  Size (Code + RO Data)                 8188 (   8.00kB)
    Total RW  Size (RW Data + ZI Data)              8240 (   8.05kB)
    Total ROM Size (Code + RO Data + RW Data)       8224 (   8.03kB)

==============================================================================

