Component: ARM Compiler 6.14.1 Tool: armlink [5db06d00]

==============================================================================

Section Cross References

    startup_stm32f10x_hd.o(RESET) refers to startup_stm32f10x_hd.o(STACK) for __initial_sp
    startup_stm32f10x_hd.o(RESET) refers to startup_stm32f10x_hd.o(.text) for Reset_Handler
    startup_stm32f10x_hd.o(RESET) refers to lto-llvm-c4e533.o(.text.TIM1_UP_IRQHandler) for TIM1_UP_IRQHandler
    startup_stm32f10x_hd.o(RESET) refers to lto-llvm-c4e533.o(.text.TIM2_IRQHandler) for TIM2_IRQHandler
    startup_stm32f10x_hd.o(RESET) refers to lto-llvm-c4e533.o(.text.TIM3_IRQHandler) for TIM3_IRQHandler
    startup_stm32f10x_hd.o(RESET) refers to lto-llvm-c4e533.o(.text.TIM4_IRQHandler) for TIM4_IRQHandler
    startup_stm32f10x_hd.o(RESET) refers to lto-llvm-c4e533.o(.text.TIM8_UP_IRQHandler) for TIM8_UP_IRQHandler
    startup_stm32f10x_hd.o(RESET) refers to lto-llvm-c4e533.o(.text.SDIO_IRQHandler) for SDIO_IRQHandler
    startup_stm32f10x_hd.o(RESET) refers to lto-llvm-c4e533.o(.text.TIM5_IRQHandler) for TIM5_IRQHandler
    startup_stm32f10x_hd.o(RESET) refers to lto-llvm-c4e533.o(.text.TIM6_IRQHandler) for TIM6_IRQHandler
    startup_stm32f10x_hd.o(RESET) refers to lto-llvm-c4e533.o(.text.TIM7_IRQHandler) for TIM7_IRQHandler
    startup_stm32f10x_hd.o(.text) refers to lto-llvm-c4e533.o(.text.Stm32_Clock_Init) for Stm32_Clock_Init
    startup_stm32f10x_hd.o(.text) refers to entry.o(.ARM.Collect$$$$00000000) for __main
    entry.o(.ARM.Collect$$$$00000000) refers (Special) to entry10a.o(.ARM.Collect$$$$0000000D) for __rt_final_cpp
    entry.o(.ARM.Collect$$$$00000000) refers (Special) to entry11a.o(.ARM.Collect$$$$0000000F) for __rt_final_exit
    entry.o(.ARM.Collect$$$$00000000) refers (Special) to entry7b.o(.ARM.Collect$$$$00000008) for _main_clock
    entry.o(.ARM.Collect$$$$00000000) refers (Special) to entry8b.o(.ARM.Collect$$$$0000000A) for _main_cpp_init
    entry.o(.ARM.Collect$$$$00000000) refers (Special) to entry9a.o(.ARM.Collect$$$$0000000B) for _main_init
    entry.o(.ARM.Collect$$$$00000000) refers (Special) to entry5.o(.ARM.Collect$$$$00000004) for _main_scatterload
    entry.o(.ARM.Collect$$$$00000000) refers (Special) to entry2.o(.ARM.Collect$$$$00000001) for _main_stk
    puts.o(i.puts) refers to lto-llvm-c4e533.o(.text.fputc) for fputc
    puts.o(i.puts) refers to stdout.o(.data) for __stdout
    puts_e.o(.text) refers to lto-llvm-c4e533.o(.text.fputc) for fputc
    puts_e.o(.text) refers to stdout.o(.data) for __stdout
    printfb.o(i.__0fprintf$bare) refers to printfb.o(i._printf_core) for _printf_core
    printfb.o(i.__0fprintf$bare) refers to lto-llvm-c4e533.o(.text.fputc) for fputc
    printfb.o(i.__0printf$bare) refers to printfb.o(i._printf_core) for _printf_core
    printfb.o(i.__0printf$bare) refers to lto-llvm-c4e533.o(.text.fputc) for fputc
    printfb.o(i.__0printf$bare) refers to stdout.o(.data) for __stdout
    printfb.o(i.__0snprintf$bare) refers to printfb.o(i._printf_core) for _printf_core
    printfb.o(i.__0snprintf$bare) refers to printfb.o(i._snputc) for _snputc
    printfb.o(i.__0sprintf$bare) refers to printfb.o(i._printf_core) for _printf_core
    printfb.o(i.__0sprintf$bare) refers to printfb.o(i._sputc) for _sputc
    printfb.o(i.__0vfprintf$bare) refers to printfb.o(i._printf_core) for _printf_core
    printfb.o(i.__0vfprintf$bare) refers to lto-llvm-c4e533.o(.text.fputc) for fputc
    printfb.o(i.__0vprintf$bare) refers to printfb.o(i._printf_core) for _printf_core
    printfb.o(i.__0vprintf$bare) refers to lto-llvm-c4e533.o(.text.fputc) for fputc
    printfb.o(i.__0vprintf$bare) refers to stdout.o(.data) for __stdout
    printfb.o(i.__0vsnprintf$bare) refers to printfb.o(i._printf_core) for _printf_core
    printfb.o(i.__0vsnprintf$bare) refers to printfb.o(i._snputc) for _snputc
    printfb.o(i.__0vsprintf$bare) refers to printfb.o(i._printf_core) for _printf_core
    printfb.o(i.__0vsprintf$bare) refers to printfb.o(i._sputc) for _sputc
    printf0.o(i.__0fprintf$0) refers to printf0.o(i._printf_core) for _printf_core
    printf0.o(i.__0fprintf$0) refers to lto-llvm-c4e533.o(.text.fputc) for fputc
    printf0.o(i.__0printf$0) refers to printf0.o(i._printf_core) for _printf_core
    printf0.o(i.__0printf$0) refers to lto-llvm-c4e533.o(.text.fputc) for fputc
    printf0.o(i.__0printf$0) refers to stdout.o(.data) for __stdout
    printf0.o(i.__0snprintf$0) refers to printf0.o(i._printf_core) for _printf_core
    printf0.o(i.__0snprintf$0) refers to printf0.o(i._snputc) for _snputc
    printf0.o(i.__0sprintf$0) refers to printf0.o(i._printf_core) for _printf_core
    printf0.o(i.__0sprintf$0) refers to printf0.o(i._sputc) for _sputc
    printf0.o(i.__0vfprintf$0) refers to printf0.o(i._printf_core) for _printf_core
    printf0.o(i.__0vfprintf$0) refers to lto-llvm-c4e533.o(.text.fputc) for fputc
    printf0.o(i.__0vprintf$0) refers to printf0.o(i._printf_core) for _printf_core
[...]
    [Anonymous Symbol]                       0x08010d38   Section        0  lto-llvm-c4e533.o(.text.lv_obj_move_foreground)
    lv_obj_realign                           0x08010d9d   Thumb Code   500  lto-llvm-c4e533.o(.text.lv_obj_realign)
    [Anonymous Symbol]                       0x08010d9c   Section        0  lto-llvm-c4e533.o(.text.lv_obj_realign)
    lv_obj_refresh_style                     0x08010f91   Thumb Code   224  lto-llvm-c4e533.o(.text.lv_obj_refresh_style)
    [Anonymous Symbol]                       0x08010f90   Section        0  lto-llvm-c4e533.o(.text.lv_obj_refresh_style)
    lv_obj_set_pos                           0x08011071   Thumb Code   138  lto-llvm-c4e533.o(.text.lv_obj_set_pos)
    [Anonymous Symbol]                       0x08011070   Section        0  lto-llvm-c4e533.o(.text.lv_obj_set_pos)
    lv_obj_set_size                          0x080110fd   Thumb Code   170  lto-llvm-c4e533.o(.text.lv_obj_set_size)
    [Anonymous Symbol]                       0x080110fc   Section        0  lto-llvm-c4e533.o(.text.lv_obj_set_size)
    lv_obj_set_state                         0x080111a9   Thumb Code  1206  lto-llvm-c4e533.o(.text.lv_obj_set_state)
    [Anonymous Symbol]                       0x080111a8   Section        0  lto-llvm-c4e533.o(.text.lv_obj_set_state)
    lv_obj_set_x                             0x08011661   Thumb Code    46  lto-llvm-c4e533.o(.text.lv_obj_set_x)
    [Anonymous Symbol]                       0x08011660   Section        0  lto-llvm-c4e533.o(.text.lv_obj_set_x)
    lv_obj_set_y                             0x08011691   Thumb Code    46  lto-llvm-c4e533.o(.text.lv_obj_set_y)
    [Anonymous Symbol]                       0x08011690   Section        0  lto-llvm-c4e533.o(.text.lv_obj_set_y)
    lv_obj_signal                            0x080116c1   Thumb Code   878  lto-llvm-c4e533.o(.text.lv_obj_signal)
    [Anonymous Symbol]                       0x080116c0   Section        0  lto-llvm-c4e533.o(.text.lv_obj_signal)
    lv_refr_area_part                        0x08011a31   Thumb Code   264  lto-llvm-c4e533.o(.text.lv_refr_area_part)
    [Anonymous Symbol]                       0x08011a30   Section        0  lto-llvm-c4e533.o(.text.lv_refr_area_part)
    lv_refr_get_top_obj                      0x08011b39   Thumb Code   124  lto-llvm-c4e533.o(.text.lv_refr_get_top_obj)
    [Anonymous Symbol]                       0x08011b38   Section        0  lto-llvm-c4e533.o(.text.lv_refr_get_top_obj)
    lv_refr_obj                              0x08011bb5   Thumb Code   452  lto-llvm-c4e533.o(.text.lv_refr_obj)
    [Anonymous Symbol]                       0x08011bb4   Section        0  lto-llvm-c4e533.o(.text.lv_refr_obj)
    lv_refr_obj_and_children                 0x08011d79   Thumb Code    88  lto-llvm-c4e533.o(.text.lv_refr_obj_and_children)
    [Anonymous Symbol]                       0x08011d78   Section        0  lto-llvm-c4e533.o(.text.lv_refr_obj_and_children)
    lv_refr_vdb_flush                        0x08011dd1   Thumb Code   102  lto-llvm-c4e533.o(.text.lv_refr_vdb_flush)
    [Anonymous Symbol]                       0x08011dd0   Section        0  lto-llvm-c4e533.o(.text.lv_refr_vdb_flush)
    lv_style_remove_prop                     0x08011e39   Thumb Code   210  lto-llvm-c4e533.o(.text.lv_style_remove_prop)
    [Anonymous Symbol]                       0x08011e38   Section        0  lto-llvm-c4e533.o(.text.lv_style_remove_prop)
    lv_task_create                           0x08011f0d   Thumb Code   342  lto-llvm-c4e533.o(.text.lv_task_create)
    [Anonymous Symbol]                       0x08011f0c   Section        0  lto-llvm-c4e533.o(.text.lv_task_create)
    lv_task_exec                             0x08012065   Thumb Code   166  lto-llvm-c4e533.o(.text.lv_task_exec)
    [Anonymous Symbol]                       0x08012064   Section        0  lto-llvm-c4e533.o(.text.lv_task_exec)
    lv_task_set_prio                         0x0801210d   Thumb Code    96  lto-llvm-c4e533.o(.text.lv_task_set_prio)
    [Anonymous Symbol]                       0x0801210c   Section        0  lto-llvm-c4e533.o(.text.lv_task_set_prio)
    lv_theme_material_init                   0x0801216d   Thumb Code 17236  lto-llvm-c4e533.o(.text.lv_theme_material_init)
    [Anonymous Symbol]                       0x0801216c   Section        0  lto-llvm-c4e533.o(.text.lv_theme_material_init)
    lv_txt_utf8_next                         0x080164c1   Thumb Code   220  lto-llvm-c4e533.o(.text.lv_txt_utf8_next)
    [Anonymous Symbol]                       0x080164c0   Section        0  lto-llvm-c4e533.o(.text.lv_txt_utf8_next)
    [Anonymous Symbol]                       0x0801659c   Section        0  lto-llvm-c4e533.o(.text.main)
    obj_del_core                             0x080180ad   Thumb Code   468  lto-llvm-c4e533.o(.text.obj_del_core)
    [Anonymous Symbol]                       0x080180ac   Section        0  lto-llvm-c4e533.o(.text.obj_del_core)
    obj_to_foreground                        0x08018281   Thumb Code    30  lto-llvm-c4e533.o(.text.obj_to_foreground)
    [Anonymous Symbol]                       0x08018280   Section        0  lto-llvm-c4e533.o(.text.obj_to_foreground)
    refresh_children_position                0x080182a1   Thumb Code    64  lto-llvm-c4e533.o(.text.refresh_children_position)
    [Anonymous Symbol]                       0x080182a0   Section        0  lto-llvm-c4e533.o(.text.refresh_children_position)
    refresh_children_style                   0x080182e1   Thumb Code    66  lto-llvm-c4e533.o(.text.refresh_children_style)
    [Anonymous Symbol]                       0x080182e0   Section        0  lto-llvm-c4e533.o(.text.refresh_children_style)
    report_style_mod_core                    0x08018325   Thumb Code   126  lto-llvm-c4e533.o(.text.report_style_mod_core)
    [Anonymous Symbol]                       0x08018324   Section        0  lto-llvm-c4e533.o(.text.report_style_mod_core)
    shadow_blur_corner                       0x080183a5   Thumb Code   398  lto-llvm-c4e533.o(.text.shadow_blur_corner)
    [Anonymous Symbol]                       0x080183a4   Section        0  lto-llvm-c4e533.o(.text.shadow_blur_corner)
    show_error                               0x08018533   Thumb Code    98  lto-llvm-c4e533.o(.text.show_error)
    [Anonymous Symbol]                       0x08018532   Section        0  lto-llvm-c4e533.o(.text.show_error)
    theme_apply.396                          0x08018595   Thumb Code  4230  lto-llvm-c4e533.o(.text.theme_apply.396)
    [Anonymous Symbol]                       0x08018594   Section        0  lto-llvm-c4e533.o(.text.theme_apply.396)
    tim_lv_tick                              0x0801961b   Thumb Code    28  lto-llvm-c4e533.o(.text.tim_lv_tick)
    [Anonymous Symbol]                       0x0801961a   Section        0  lto-llvm-c4e533.o(.text.tim_lv_tick)
    touchpad_read                            0x08019637   Thumb Code    86  lto-llvm-c4e533.o(.text.touchpad_read)
    [Anonymous Symbol]                       0x08019636   Section        0  lto-llvm-c4e533.o(.text.touchpad_read)
    trans_anim_cb                            0x0801968d   Thumb Code   318  lto-llvm-c4e533.o(.text.trans_anim_cb)
    [Anonymous Symbol]                       0x0801968c   Section        0  lto-llvm-c4e533.o(.text.trans_anim_cb)
    trans_anim_ready_cb                      0x080197cd   Thumb Code   162  lto-llvm-c4e533.o(.text.trans_anim_ready_cb)
    [Anonymous Symbol]                       0x080197cc   Section        0  lto-llvm-c4e533.o(.text.trans_anim_ready_cb)
    trans_anim_start_cb                      0x0801986f   Thumb Code    90  lto-llvm-c4e533.o(.text.trans_anim_start_cb)
    [Anonymous Symbol]                       0x0801986e   Section        0  lto-llvm-c4e533.o(.text.trans_anim_start_cb)
    trans_del                                0x080198c9   Thumb Code   174  lto-llvm-c4e533.o(.text.trans_del)
    [Anonymous Symbol]                       0x080198c8   Section        0  lto-llvm-c4e533.o(.text.trans_del)
    i.__scatterload_copy                     0x08019976   Section       14  handlers.o(i.__scatterload_copy)
    i.__scatterload_null                     0x08019984   Section        2  handlers.o(i.__scatterload_null)
    i.__scatterload_zeroinit                 0x08019986   Section       14  handlers.o(i.__scatterload_zeroinit)
    i.puts                                   0x08019994   Section        0  puts.o(i.puts)
    .L__const.lv_img_buf_get_px_alpha.opa_table 0x080199b8   Data           4  lto-llvm-c4e533.o(.rodata..L__const.lv_img_buf_get_px_alpha.opa_table)
    [Anonymous Symbol]                       0x080199b8   Section        0  lto-llvm-c4e533.o(.rodata..L__const.lv_img_buf_get_px_alpha.opa_table)
    .L__const.lv_img_decoder_built_in_line_alpha.alpha4_opa_table 0x080199bc   Data          16  lto-llvm-c4e533.o(.rodata..L__const.lv_img_decoder_built_in_line_alpha.alpha4_opa_table)
    [Anonymous Symbol]                       0x080199bc   Section        0  lto-llvm-c4e533.o(.rodata..L__const.lv_img_decoder_built_in_line_alpha.alpha4_opa_table)
    .Lswitch.table.lv_draw_label.4           0x080199cc   Data          32  lto-llvm-c4e533.o(.rodata..Lswitch.table.lv_draw_label.4)
    GT9147_CFG_TBL                           0x080199ec   Data         184  lto-llvm-c4e533.o(.rodata.GT9147_CFG_TBL)
    [Anonymous Symbol]                       0x080199ec   Section        0  lto-llvm-c4e533.o(.rodata.GT9147_CFG_TBL)
    GT9147_TPX_TBL                           0x08019aa4   Data          10  lto-llvm-c4e533.o(.rodata.GT9147_TPX_TBL)
    [Anonymous Symbol]                       0x08019aa4   Section        0  lto-llvm-c4e533.o(.rodata.GT9147_TPX_TBL)
    _lv_bpp1_opa_table                       0x08019aae   Data           2  lto-llvm-c4e533.o(.rodata._lv_bpp1_opa_table)
    [Anonymous Symbol]                       0x08019aae   Section        0  lto-llvm-c4e533.o(.rodata._lv_bpp1_opa_table)
    _lv_bpp8_opa_table                       0x08019ab0   Data         256  lto-llvm-c4e533.o(.rodata._lv_bpp8_opa_table)
    [Anonymous Symbol]                       0x08019ab0   Section        0  lto-llvm-c4e533.o(.rodata._lv_bpp8_opa_table)
    cmaps                                    0x08019bb0   Data          40  lto-llvm-c4e533.o(.rodata.cmaps)
    [Anonymous Symbol]                       0x08019bb0   Section        0  lto-llvm-c4e533.o(.rodata.cmaps)
    .Lswitch.table.lv_draw_label.3           0x08019bd8   Data          32  lto-llvm-c4e533.o(.rodata.cst32)
    .Lswitch.table.lv_draw_label.2           0x08019bf8   Data          32  lto-llvm-c4e533.o(.rodata.cst32)
    .Lswitch.table.decompress_line.3         0x08019c18   Data          32  lto-llvm-c4e533.o(.rodata.cst32)
    draw_line_skew.wcorr                     0x08019c38   Data          33  lto-llvm-c4e533.o(.rodata.draw_line_skew.wcorr)
    [Anonymous Symbol]                       0x08019c38   Section        0  lto-llvm-c4e533.o(.rodata.draw_line_skew.wcorr)
    glyph_dsc                                0x08019c5c   Data        1240  lto-llvm-c4e533.o(.rodata.glyph_dsc)
    [Anonymous Symbol]                       0x08019c5c   Section        0  lto-llvm-c4e533.o(.rodata.glyph_dsc)
    gylph_bitmap                             0x0801a134   Data       10808  lto-llvm-c4e533.o(.rodata.gylph_bitmap)
    [Anonymous Symbol]                       0x0801a134   Section        0  lto-llvm-c4e533.o(.rodata.gylph_bitmap)
    kern_class_values                        0x0801cb6c   Data        2989  lto-llvm-c4e533.o(.rodata.kern_class_values)
    [Anonymous Symbol]                       0x0801cb6c   Section        0  lto-llvm-c4e533.o(.rodata.kern_class_values)
    kern_classes                             0x0801d71c   Data          16  lto-llvm-c4e533.o(.rodata.kern_classes)
    [Anonymous Symbol]                       0x0801d71c   Section        0  lto-llvm-c4e533.o(.rodata.kern_classes)
    kern_left_class_mapping                  0x0801d72c   Data         155  lto-llvm-c4e533.o(.rodata.kern_left_class_mapping)
    [Anonymous Symbol]                       0x0801d72c   Section        0  lto-llvm-c4e533.o(.rodata.kern_left_class_mapping)
    kern_right_class_mapping                 0x0801d7c7   Data         155  lto-llvm-c4e533.o(.rodata.kern_right_class_mapping)
    [Anonymous Symbol]                       0x0801d7c7   Section        0  lto-llvm-c4e533.o(.rodata.kern_right_class_mapping)
    lv_anim_path_def                         0x0801d864   Data           8  lto-llvm-c4e533.o(.rodata.lv_anim_path_def)
    [Anonymous Symbol]                       0x0801d864   Section        0  lto-llvm-c4e533.o(.rodata.lv_anim_path_def)
    sin0_90_table                            0x0801d86c   Data         182  lto-llvm-c4e533.o(.rodata.sin0_90_table)
    [Anonymous Symbol]                       0x0801d86c   Section        0  lto-llvm-c4e533.o(.rodata.sin0_90_table)
    .Lstr.6                                  0x0801d922   Data          16  lto-llvm-c4e533.o(.rodata.str1.1)
    [Anonymous Symbol]                       0x0801d922   Section        0  lto-llvm-c4e533.o(.rodata.str1.1)
    .Lstr.7                                  0x0801d932   Data          17  lto-llvm-c4e533.o(.rodata.str1.1)
    .Lstr                                    0x0801d943   Data          17  lto-llvm-c4e533.o(.rodata.str1.1)
    .L.str.4                                 0x0801d954   Data          13  lto-llvm-c4e533.o(.rodata.str1.1)
    .L.str.1.352                             0x0801d961   Data          46  lto-llvm-c4e533.o(.rodata.str1.1)
    .L.str.20                                0x0801d98f   Data           5  lto-llvm-c4e533.o(.rodata.str1.1)
    lv_debug_log_error.hex                   0x0801d994   Data          17  lto-llvm-c4e533.o(.rodata.str1.1)
    .L.str.1.382                             0x0801d9a5   Data           8  lto-llvm-c4e533.o(.rodata.str1.1)
    .L.str.144                               0x0801d9ad   Data           8  lto-llvm-c4e533.o(.rodata.str1.1)
    .L.str.5                                 0x0801d9b5   Data          11  lto-llvm-c4e533.o(.rodata.str1.1)
    .L.str.351                               0x0801d9c0   Data          81  lto-llvm-c4e533.o(.rodata.str1.1)
    .L.str.3.50                              0x0801da11   Data           7  lto-llvm-c4e533.o(.rodata.str1.1)
    .L.str.3.541                             0x0801da18   Data           9  lto-llvm-c4e533.o(.rodata.str1.1)
    .L.str.3                                 0x0801da21   Data           7  lto-llvm-c4e533.o(.rodata.str1.1)
    .L.str.2.416                             0x0801da28   Data           7  lto-llvm-c4e533.o(.rodata.str1.1)
    .L.str.2.538                             0x0801da2f   Data          13  lto-llvm-c4e533.o(.rodata.str1.1)
    .L.str.2.459                             0x0801da3c   Data           8  lto-llvm-c4e533.o(.rodata.str1.1)
    .L.str.1.529                             0x0801da44   Data           5  lto-llvm-c4e533.o(.rodata.str1.1)
    .L.str.527                               0x0801da49   Data          14  lto-llvm-c4e533.o(.rodata.str1.1)
    .L.str.395                               0x0801da57   Data           4  lto-llvm-c4e533.o(.rodata.str1.1)
    unicode_list_1                           0x0801da5c   Data         118  lto-llvm-c4e533.o(.rodata.unicode_list_1)
    [Anonymous Symbol]                       0x0801da5c   Section        0  lto-llvm-c4e533.o(.rodata.unicode_list_1)
    .data                                    0x20000000   Section        4  stdout.o(.data)
    Tp_dev                                   0x20000004   Data          32  lto-llvm-c4e533.o(.data.Tp_dev)
    [Anonymous Symbol]                       0x20000004   Section        0  lto-llvm-c4e533.o(.data.Tp_dev)
    font_dsc                                 0x20000024   Data          32  lto-llvm-c4e533.o(.data.font_dsc)
    [Anonymous Symbol]                       0x20000024   Section        0  lto-llvm-c4e533.o(.data.font_dsc)
    lv_font_montserrat_16                    0x20000044   Data          20  lto-llvm-c4e533.o(.data.lv_font_montserrat_16)
    [Anonymous Symbol]                       0x20000044   Section        0  lto-llvm-c4e533.o(.data.lv_font_montserrat_16)
    mem_buf_small                            0x20000058   Data          16  lto-llvm-c4e533.o(.data.mem_buf_small)
    [Anonymous Symbol]                       0x20000058   Section        0  lto-llvm-c4e533.o(.data.mem_buf_small)
    TIM1_arr_overflow_Irq                    0x20000068   Data           4  lto-llvm-c4e533.o(.bss.TIM1_arr_overflow_Irq)
    [Anonymous Symbol]                       0x20000068   Section        0  lto-llvm-c4e533.o(.bss.TIM1_arr_overflow_Irq)
    TIM2_arr_overflow_Irq                    0x2000006c   Data           4  lto-llvm-c4e533.o(.bss.TIM2_arr_overflow_Irq)
    [Anonymous Symbol]                       0x2000006c   Section        0  lto-llvm-c4e533.o(.bss.TIM2_arr_overflow_Irq)
    TIM3_arr_overflow_Irq                    0x20000070   Data           4  lto-llvm-c4e533.o(.bss.TIM3_arr_overflow_Irq)
    [Anonymous Symbol]                       0x20000070   Section        0  lto-llvm-c4e533.o(.bss.TIM3_arr_overflow_Irq)
    TIM4_arr_overflow_Irq                    0x20000074   Data           4  lto-llvm-c4e533.o(.bss.TIM4_arr_overflow_Irq)
    [Anonymous Symbol]                       0x20000074   Section        0  lto-llvm-c4e533.o(.bss.TIM4_arr_overflow_Irq)
    TIM6_arr_overflow_Irq                    0x20000078   Data           4  lto-llvm-c4e533.o(.bss.TIM6_arr_overflow_Irq)
    [Anonymous Symbol]                       0x20000078   Section        0  lto-llvm-c4e533.o(.bss.TIM6_arr_overflow_Irq)
    TIM7_arr_overflow_Irq                    0x2000007c   Data           4  lto-llvm-c4e533.o(.bss.TIM7_arr_overflow_Irq)
    [Anonymous Symbol]                       0x2000007c   Section        0  lto-llvm-c4e533.o(.bss.TIM7_arr_overflow_Irq)
    TIM8_arr_overflow_Irq                    0x20000080   Data           4  lto-llvm-c4e533.o(.bss.TIM8_arr_overflow_Irq)
    [Anonymous Symbol]                       0x20000080   Section        0  lto-llvm-c4e533.o(.bss.TIM8_arr_overflow_Irq)
    TransferEnd                              0x20000084   Data           1  lto-llvm-c4e533.o(.bss.TransferEnd)
    [Anonymous Symbol]                       0x20000084   Section        0  lto-llvm-c4e533.o(.bss.TransferEnd)
    TransferError                            0x20000085   Data           1  lto-llvm-c4e533.o(.bss.TransferError)
    [Anonymous Symbol]                       0x20000085   Section        0  lto-llvm-c4e533.o(.bss.TransferError)
    _lv_anim_ll                              0x20000088   Data          12  lto-llvm-c4e533.o(.bss._lv_anim_ll)
    [Anonymous Symbol]                       0x20000088   Section        0  lto-llvm-c4e533.o(.bss._lv_anim_ll)
    _lv_anim_task                            0x20000094   Data           4  lto-llvm-c4e533.o(.bss._lv_anim_task)
    [Anonymous Symbol]                       0x20000094   Section        0  lto-llvm-c4e533.o(.bss._lv_anim_task)
    _lv_disp_ll                              0x20000098   Data          12  lto-llvm-c4e533.o(.bss._lv_disp_ll)
    [Anonymous Symbol]                       0x20000098   Section        0  lto-llvm-c4e533.o(.bss._lv_disp_ll)
    _lv_draw_mask_list                       0x200000a4   Data         128  lto-llvm-c4e533.o(.bss._lv_draw_mask_list)
    [Anonymous Symbol]                       0x200000a4   Section        0  lto-llvm-c4e533.o(.bss._lv_draw_mask_list)
    _lv_group_ll                             0x20000124   Data          12  lto-llvm-c4e533.o(.bss._lv_group_ll)
    [Anonymous Symbol]                       0x20000124   Section        0  lto-llvm-c4e533.o(.bss._lv_group_ll)
    _lv_img_cache_array                      0x20000130   Data           4  lto-llvm-c4e533.o(.bss._lv_img_cache_array)
    [Anonymous Symbol]                       0x20000130   Section        0  lto-llvm-c4e533.o(.bss._lv_img_cache_array)
    _lv_img_defoder_ll                       0x20000134   Data          12  lto-llvm-c4e533.o(.bss._lv_img_defoder_ll)
    [Anonymous Symbol]                       0x20000134   Section        0  lto-llvm-c4e533.o(.bss._lv_img_defoder_ll)
    _lv_indev_ll                             0x20000140   Data          12  lto-llvm-c4e533.o(.bss._lv_indev_ll)
    [Anonymous Symbol]                       0x20000140   Section        0  lto-llvm-c4e533.o(.bss._lv_indev_ll)
    _lv_mem_buf                              0x2000014c   Data         128  lto-llvm-c4e533.o(.bss._lv_mem_buf)
    [Anonymous Symbol]                       0x2000014c   Section        0  lto-llvm-c4e533.o(.bss._lv_mem_buf)
    _lv_mem_init.work_mem_int                0x200001cc   Data       30720  lto-llvm-c4e533.o(.bss._lv_mem_init.work_mem_int)
    [Anonymous Symbol]                       0x200001cc   Section        0  lto-llvm-c4e533.o(.bss._lv_mem_init.work_mem_int)
    _lv_obj_style_trans_ll                   0x200079cc   Data          12  lto-llvm-c4e533.o(.bss._lv_obj_style_trans_ll)
    [Anonymous Symbol]                       0x200079cc   Section        0  lto-llvm-c4e533.o(.bss._lv_obj_style_trans_ll)
    _lv_task_act                             0x200079d8   Data           4  lto-llvm-c4e533.o(.bss._lv_task_act)
    [Anonymous Symbol]                       0x200079d8   Section        0  lto-llvm-c4e533.o(.bss._lv_task_act)
    _lv_task_ll                              0x200079dc   Data          12  lto-llvm-c4e533.o(.bss._lv_task_ll)
    [Anonymous Symbol]                       0x200079dc   Section        0  lto-llvm-c4e533.o(.bss._lv_task_ll)
    _lv_theme_material_styles                0x200079e8   Data           4  lto-llvm-c4e533.o(.bss._lv_theme_material_styles)
    [Anonymous Symbol]                       0x200079e8   Section        0  lto-llvm-c4e533.o(.bss._lv_theme_material_styles)
    ancestor_design.415                      0x200079ec   Data           4  lto-llvm-c4e533.o(.bss.ancestor_design.415)
    [Anonymous Symbol]                       0x200079ec   Section        0  lto-llvm-c4e533.o(.bss.ancestor_design.415)
    ancestor_design.458                      0x200079f0   Data           4  lto-llvm-c4e533.o(.bss.ancestor_design.458)
    [Anonymous Symbol]                       0x200079f0   Section        0  lto-llvm-c4e533.o(.bss.ancestor_design.458)
    ancestor_signal.414                      0x200079f4   Data           4  lto-llvm-c4e533.o(.bss.ancestor_signal.414)
    [Anonymous Symbol]                       0x200079f4   Section        0  lto-llvm-c4e533.o(.bss.ancestor_signal.414)
    ancestor_signal.457                      0x200079f8   Data           4  lto-llvm-c4e533.o(.bss.ancestor_signal.457)
    [Anonymous Symbol]                       0x200079f8   Section        0  lto-llvm-c4e533.o(.bss.ancestor_signal.457)
    ancestor_signal.528                      0x200079fc   Data           4  lto-llvm-c4e533.o(.bss.ancestor_signal.528)
    [Anonymous Symbol]                       0x200079fc   Section        0  lto-llvm-c4e533.o(.bss.ancestor_signal.528)
    anim_list_changed                        0x20007a00   Data           1  lto-llvm-c4e533.o(.bss.anim_list_changed)
    [Anonymous Symbol]                       0x20007a00   Section        0  lto-llvm-c4e533.o(.bss.anim_list_changed)
    btn_event_cb.cnt                         0x20007a01   Data           1  lto-llvm-c4e533.o(.bss.btn_event_cb.cnt)
    [Anonymous Symbol]                       0x20007a01   Section        0  lto-llvm-c4e533.o(.bss.btn_event_cb.cnt)
    decompr_buf                              0x20007a04   Data           4  lto-llvm-c4e533.o(.bss.decompr_buf)
    [Anonymous Symbol]                       0x20007a04   Section        0  lto-llvm-c4e533.o(.bss.decompr_buf)
    disp_def                                 0x20007a08   Data           4  lto-llvm-c4e533.o(.bss.disp_def)
    [Anonymous Symbol]                       0x20007a08   Section        0  lto-llvm-c4e533.o(.bss.disp_def)
    disp_refr                                0x20007a0c   Data           4  lto-llvm-c4e533.o(.bss.disp_refr)
    [Anonymous Symbol]                       0x20007a0c   Section        0  lto-llvm-c4e533.o(.bss.disp_refr)
    draw_letter_normal.opa_table             0x20007a10   Data         256  lto-llvm-c4e533.o(.bss.draw_letter_normal.opa_table)
    [Anonymous Symbol]                       0x20007a10   Section        0  lto-llvm-c4e533.o(.bss.draw_letter_normal.opa_table)
    draw_letter_normal.prev_bpp              0x20007b10   Data           4  lto-llvm-c4e533.o(.bss.draw_letter_normal.prev_bpp)
    [Anonymous Symbol]                       0x20007b10   Section        0  lto-llvm-c4e533.o(.bss.draw_letter_normal.prev_bpp)
    draw_letter_normal.prev_opa              0x20007b14   Data           1  lto-llvm-c4e533.o(.bss.draw_letter_normal.prev_opa)
    [Anonymous Symbol]                       0x20007b14   Section        0  lto-llvm-c4e533.o(.bss.draw_letter_normal.prev_opa)
    entry_cnt                                0x20007b16   Data           1  lto-llvm-c4e533.o(.bss.entry_cnt)
    [Anonymous Symbol]                       0x20007b16   Section        0  lto-llvm-c4e533.o(.bss.entry_cnt)
    event_act_data                           0x20007b18   Data           4  lto-llvm-c4e533.o(.bss.event_act_data)
    [Anonymous Symbol]                       0x20007b18   Section        0  lto-llvm-c4e533.o(.bss.event_act_data)
    event_temp_data_head                     0x20007b1c   Data           4  lto-llvm-c4e533.o(.bss.event_temp_data_head)
    [Anonymous Symbol]                       0x20007b1c   Section        0  lto-llvm-c4e533.o(.bss.event_temp_data_head)
    fac_ms                                   0x20007b20   Data           1  lto-llvm-c4e533.o(.bss.fac_ms)
    [Anonymous Symbol]                       0x20007b20   Section        0  lto-llvm-c4e533.o(.bss.fac_ms)
    fac_us                                   0x20007b21   Data           1  lto-llvm-c4e533.o(.bss.fac_us)
    [Anonymous Symbol]                       0x20007b21   Section        0  lto-llvm-c4e533.o(.bss.fac_us)
    indev_act                                0x20007b24   Data           4  lto-llvm-c4e533.o(.bss.indev_act)
    [Anonymous Symbol]                       0x20007b24   Section        0  lto-llvm-c4e533.o(.bss.indev_act)
    indev_obj_act                            0x20007b28   Data           4  lto-llvm-c4e533.o(.bss.indev_obj_act)
    [Anonymous Symbol]                       0x20007b28   Section        0  lto-llvm-c4e533.o(.bss.indev_obj_act)
    inited                                   0x20007b2c   Data           1  lto-llvm-c4e533.o(.bss.inited)
    [Anonymous Symbol]                       0x20007b2c   Section        0  lto-llvm-c4e533.o(.bss.inited)
    last_task_run                            0x20007b30   Data           4  lto-llvm-c4e533.o(.bss.last_task_run)
    [Anonymous Symbol]                       0x20007b30   Section        0  lto-llvm-c4e533.o(.bss.last_task_run)
    lv_initialized                           0x20007b34   Data           1  lto-llvm-c4e533.o(.bss.lv_initialized)
    [Anonymous Symbol]                       0x20007b34   Section        0  lto-llvm-c4e533.o(.bss.lv_initialized)
    lv_mem_free.full_defrag_cnt              0x20007b36   Data           2  lto-llvm-c4e533.o(.bss.lv_mem_free.full_defrag_cnt)
    [Anonymous Symbol]                       0x20007b36   Section        0  lto-llvm-c4e533.o(.bss.lv_mem_free.full_defrag_cnt)
    lv_port_disp_init.disp_buf               0x20007b38   Data          36  lto-llvm-c4e533.o(.bss.lv_port_disp_init.disp_buf)
    [Anonymous Symbol]                       0x20007b38   Section        0  lto-llvm-c4e533.o(.bss.lv_port_disp_init.disp_buf)
    lv_task_handler.already_running          0x20007b5c   Data           1  lto-llvm-c4e533.o(.bss.lv_task_handler.already_running)
    [Anonymous Symbol]                       0x20007b5c   Section        0  lto-llvm-c4e533.o(.bss.lv_task_handler.already_running)
    lv_task_handler.busy_time                0x20007b60   Data           4  lto-llvm-c4e533.o(.bss.lv_task_handler.busy_time)
    [Anonymous Symbol]                       0x20007b60   Section        0  lto-llvm-c4e533.o(.bss.lv_task_handler.busy_time)
    lv_task_handler.handler_start            0x20007b64   Data           4  lto-llvm-c4e533.o(.bss.lv_task_handler.handler_start)
    [Anonymous Symbol]                       0x20007b64   Section        0  lto-llvm-c4e533.o(.bss.lv_task_handler.handler_start)
    lv_task_handler.idle_period_start        0x20007b68   Data           4  lto-llvm-c4e533.o(.bss.lv_task_handler.idle_period_start)
    [Anonymous Symbol]                       0x20007b68   Section        0  lto-llvm-c4e533.o(.bss.lv_task_handler.idle_period_start)
    lv_task_handler.time_till_next           0x20007b6c   Data           4  lto-llvm-c4e533.o(.bss.lv_task_handler.time_till_next)
    [Anonymous Symbol]                       0x20007b6c   Section        0  lto-llvm-c4e533.o(.bss.lv_task_handler.time_till_next)
    lv_task_run                              0x20007b70   Data           1  lto-llvm-c4e533.o(.bss.lv_task_run)
    [Anonymous Symbol]                       0x20007b70   Section        0  lto-llvm-c4e533.o(.bss.lv_task_run)
    mem_buf1_32                              0x20007b71   Data          16  lto-llvm-c4e533.o(.bss.mem_buf1_32)
    [Anonymous Symbol]                       0x20007b71   Section        0  lto-llvm-c4e533.o(.bss.mem_buf1_32)
    mem_buf2_32                              0x20007b81   Data          16  lto-llvm-c4e533.o(.bss.mem_buf2_32)
    [Anonymous Symbol]                       0x20007b81   Section        0  lto-llvm-c4e533.o(.bss.mem_buf2_32)
    mem_max_size                             0x20007b94   Data           4  lto-llvm-c4e533.o(.bss.mem_max_size)
    [Anonymous Symbol]                       0x20007b94   Section        0  lto-llvm-c4e533.o(.bss.mem_max_size)
    px_num                                   0x20007b98   Data           4  lto-llvm-c4e533.o(.bss.px_num)
    [Anonymous Symbol]                       0x20007b98   Section        0  lto-llvm-c4e533.o(.bss.px_num)
    rle_bpp                                  0x20007b9c   Data           1  lto-llvm-c4e533.o(.bss.rle_bpp)
    [Anonymous Symbol]                       0x20007b9c   Section        0  lto-llvm-c4e533.o(.bss.rle_bpp)
    rle_cnt                                  0x20007b9d   Data           1  lto-llvm-c4e533.o(.bss.rle_cnt)
    [Anonymous Symbol]                       0x20007b9d   Section        0  lto-llvm-c4e533.o(.bss.rle_cnt)
    rle_in                                   0x20007ba0   Data           4  lto-llvm-c4e533.o(.bss.rle_in)
    [Anonymous Symbol]                       0x20007ba0   Section        0  lto-llvm-c4e533.o(.bss.rle_in)
    rle_prev_v                               0x20007ba4   Data           1  lto-llvm-c4e533.o(.bss.rle_prev_v)
    [Anonymous Symbol]                       0x20007ba4   Section        0  lto-llvm-c4e533.o(.bss.rle_prev_v)
    rle_rdp                                  0x20007ba8   Data           4  lto-llvm-c4e533.o(.bss.rle_rdp)
    [Anonymous Symbol]                       0x20007ba8   Section        0  lto-llvm-c4e533.o(.bss.rle_rdp)
    rle_state                                0x20007bac   Data           1  lto-llvm-c4e533.o(.bss.rle_state)
    [Anonymous Symbol]                       0x20007bac   Section        0  lto-llvm-c4e533.o(.bss.rle_state)
    styles.393                               0x20007bb0   Data           4  lto-llvm-c4e533.o(.bss.styles.393)
    [Anonymous Symbol]                       0x20007bb0   Section        0  lto-llvm-c4e533.o(.bss.styles.393)
    sys_time                                 0x20007bb4   Data           4  lto-llvm-c4e533.o(.bss.sys_time)
    [Anonymous Symbol]                       0x20007bb4   Section        0  lto-llvm-c4e533.o(.bss.sys_time)
    task_created                             0x20007bb8   Data           1  lto-llvm-c4e533.o(.bss.task_created)
    [Anonymous Symbol]                       0x20007bb8   Section        0  lto-llvm-c4e533.o(.bss.task_created)
    task_deleted                             0x20007bb9   Data           1  lto-llvm-c4e533.o(.bss.task_deleted)
    [Anonymous Symbol]                       0x20007bb9   Section        0  lto-llvm-c4e533.o(.bss.task_deleted)
    task_list_changed                        0x20007bba   Data           1  lto-llvm-c4e533.o(.bss.task_list_changed)
    [Anonymous Symbol]                       0x20007bba   Section        0  lto-llvm-c4e533.o(.bss.task_list_changed)
    theme.394                                0x20007bbc   Data          32  lto-llvm-c4e533.o(.bss.theme.394)
    [Anonymous Symbol]                       0x20007bbc   Section        0  lto-llvm-c4e533.o(.bss.theme.394)
    tick_irq_flag                            0x20007bdc   Data           1  lto-llvm-c4e533.o(.bss.tick_irq_flag)
    [Anonymous Symbol]                       0x20007bdc   Section        0  lto-llvm-c4e533.o(.bss.tick_irq_flag)
    touchpad_read.last_x                     0x20007bde   Data           2  lto-llvm-c4e533.o(.bss.touchpad_read.last_x)
    [Anonymous Symbol]                       0x20007bde   Section        0  lto-llvm-c4e533.o(.bss.touchpad_read.last_x)
    touchpad_read.last_y                     0x20007be0   Data           2  lto-llvm-c4e533.o(.bss.touchpad_read.last_y)
    [Anonymous Symbol]                       0x20007be0   Section        0  lto-llvm-c4e533.o(.bss.touchpad_read.last_y)
    upload_count                             0x20007be4   Data           4  lto-llvm-c4e533.o(.bss.upload_count)
    [Anonymous Symbol]                       0x20007be4   Section        0  lto-llvm-c4e533.o(.bss.upload_count)
    work_mem                                 0x20007be8   Data           4  lto-llvm-c4e533.o(.bss.work_mem)
    [Anonymous Symbol]                       0x20007be8   Section        0  lto-llvm-c4e533.o(.bss.work_mem)
    zero_mem                                 0x20007bec   Data           4  lto-llvm-c4e533.o(.bss.zero_mem)
    [Anonymous Symbol]                       0x20007bec   Section        0  lto-llvm-c4e533.o(.bss.zero_mem)
    STACK                                    0x20007bf0   Section     8192  startup_stm32f10x_hd.o(STACK)

    Global Symbols

    Symbol Name                              Value     Ov Type        Size  Object(Section)

    BuildAttributes$$THM_ISAv4$P$D$K$B$S$PE$A:L22UL41UL21$X:L11$S22US41US21$IEEE1$IW$~IW$USESV6$~STKCKD$USESV7$~SHL$OSPACE$ROPI$IEEEF$EBA8$MICROLIB$REQ8$PRES8$EABIv2 0x00000000   Number         0  anon$$obj.o ABSOLUTE
    _printf_a                                0x00000000   Number         0  printfstubs.o ABSOLUTE
    _printf_c                                0x00000000   Number         0  printfstubs.o ABSOLUTE
    _printf_charcount                        0x00000000   Number         0  printfstubs.o ABSOLUTE
    _printf_d                                0x00000000   Number         0  printfstubs.o ABSOLUTE
    _printf_e                                0x00000000   Number         0  printfstubs.o ABSOLUTE
    _printf_f                                0x00000000   Number         0  printfstubs.o ABSOLUTE
    _printf_flags                            0x00000000   Number         0  printfstubs.o ABSOLUTE
    _printf_fp_dec                           0x00000000   Number         0  printfstubs.o ABSOLUTE
    _printf_fp_hex                           0x00000000   Number         0  printfstubs.o ABSOLUTE
    _printf_g                                0x00000000   Number         0  printfstubs.o ABSOLUTE
    _printf_i                                0x00000000   Number         0  printfstubs.o ABSOLUTE
    _printf_int_dec                          0x00000000   Number         0  printfstubs.o ABSOLUTE
    _printf_l                                0x00000000   Number         0  printfstubs.o ABSOLUTE
    _printf_lc                               0x00000000   Number         0  printfstubs.o ABSOLUTE
    _printf_ll                               0x00000000   Number         0  printfstubs.o ABSOLUTE
    _printf_lld                              0x00000000   Number         0  printfstubs.o ABSOLUTE
    _printf_lli                              0x00000000   Number         0  printfstubs.o ABSOLUTE
    _printf_llo                              0x00000000   Number         0  printfstubs.o ABSOLUTE
    _printf_llu                              0x00000000   Number         0  printfstubs.o ABSOLUTE
    _printf_llx                              0x00000000   Number         0  printfstubs.o ABSOLUTE
    _printf_longlong_dec                     0x00000000   Number         0  printfstubs.o ABSOLUTE
    _printf_longlong_hex                     0x00000000   Number         0  printfstubs.o ABSOLUTE
    _printf_longlong_oct                     0x00000000   Number         0  printfstubs.o ABSOLUTE
    _printf_ls                               0x00000000   Number         0  printfstubs.o ABSOLUTE
    _printf_mbtowc                           0x00000000   Number         0  printfstubs.o ABSOLUTE
    _printf_n                                0x00000000   Number         0  printfstubs.o ABSOLUTE
    _printf_o                                0x00000000   Number         0  printfstubs.o ABSOLUTE
    _printf_p                                0x00000000   Number         0  printfstubs.o ABSOLUTE
    _printf_percent                          0x00000000   Number         0  printfstubs.o ABSOLUTE
    _printf_pre_padding                      0x00000000   Number         0  printfstubs.o ABSOLUTE
    _printf_return_value                     0x00000000   Number         0  printfstubs.o ABSOLUTE
    _printf_s                                0x00000000   Number         0  printfstubs.o ABSOLUTE
    _printf_sizespec                         0x00000000   Number         0  printfstubs.o ABSOLUTE
    _printf_str                              0x00000000   Number         0  printfstubs.o ABSOLUTE
    _printf_truncate_signed                  0x00000000   Number         0  printfstubs.o ABSOLUTE
    _printf_truncate_unsigned                0x00000000   Number         0  printfstubs.o ABSOLUTE
    _printf_u                                0x00000000   Number         0  printfstubs.o ABSOLUTE
    _printf_wc                               0x00000000   Number         0  printfstubs.o ABSOLUTE
    _printf_wctomb                           0x00000000   Number         0  printfstubs.o ABSOLUTE
    _printf_widthprec                        0x00000000   Number         0  printfstubs.o ABSOLUTE
    _printf_x                                0x00000000   Number         0  printfstubs.o ABSOLUTE
    __cpp_initialize__aeabi_                  - Undefined Weak Reference
    __cxa_finalize                            - Undefined Weak Reference
    __decompress                              - Undefined Weak Reference
    _clock_init                               - Undefined Weak Reference
    _microlib_exit                            - Undefined Weak Reference
    __Vectors_Size                           0x00000130   Number         0  startup_stm32f10x_hd.o ABSOLUTE
    __Vectors                                0x08000000   Data           4  startup_stm32f10x_hd.o(RESET)
    __Vectors_End                            0x08000130   Data           0  startup_stm32f10x_hd.o(RESET)
    __main                                   0x08000131   Thumb Code     0  entry.o(.ARM.Collect$$$$00000000)
    _main_stk                                0x08000131   Thumb Code     0  entry2.o(.ARM.Collect$$$$00000001)
    _main_scatterload                        0x08000135   Thumb Code     0  entry5.o(.ARM.Collect$$$$00000004)
    __main_after_scatterload                 0x08000139   Thumb Code     0  entry5.o(.ARM.Collect$$$$00000004)
    _main_clock                              0x08000139   Thumb Code     0  entry7b.o(.ARM.Collect$$$$00000008)
    _main_cpp_init                           0x08000139   Thumb Code     0  entry8b.o(.ARM.Collect$$$$0000000A)
    _main_init                               0x08000139   Thumb Code     0  entry9a.o(.ARM.Collect$$$$0000000B)
    __rt_final_cpp                           0x08000141   Thumb Code     0  entry10a.o(.ARM.Collect$$$$0000000D)
    __rt_final_exit                          0x08000141   Thumb Code     0  entry11a.o(.ARM.Collect$$$$0000000F)
    Reset_Handler                            0x08000145   Thumb Code     8  startup_stm32f10x_hd.o(.text)
    NMI_Handler                              0x0800014d   Thumb Code     2  startup_stm32f10x_hd.o(.text)
    HardFault_Handler                        0x0800014f   Thumb Code     2  startup_stm32f10x_hd.o(.text)
    MemManage_Handler                        0x08000151   Thumb Code     2  startup_stm32f10x_hd.o(.text)
    BusFault_Handler                         0x08000153   Thumb Code     2  startup_stm32f10x_hd.o(.text)
    UsageFault_Handler                       0x08000155   Thumb Code     2  startup_stm32f10x_hd.o(.text)
    SVC_Handler                              0x08000157   Thumb Code     2  startup_stm32f10x_hd.o(.text)
    DebugMon_Handler                         0x08000159   Thumb Code     2  startup_stm32f10x_hd.o(.text)
    PendSV_Handler                           0x0800015b   Thumb Code     2  startup_stm32f10x_hd.o(.text)
    SysTick_Handler                          0x0800015d   Thumb Code     2  startup_stm32f10x_hd.o(.text)
    ADC1_2_IRQHandler                        0x0800015f   Thumb Code     0  startup_stm32f10x_hd.o(.text)
    ADC3_IRQHandler                          0x0800015f   Thumb Code     0  startup_stm32f10x_hd.o(.text)
    CAN1_RX1_IRQHandler                      0x0800015f   Thumb Code     0  startup_stm32f10x_hd.o(.text)
    CAN1_SCE_IRQHandler                      0x0800015f   Thumb Code     0  startup_stm32f10x_hd.o(.text)
    DMA1_Channel1_IRQHandler                 0x0800015f   Thumb Code     0  startup_stm32f10x_hd.o(.text)
    DMA1_Channel2_IRQHandler                 0x0800015f   Thumb Code     0  startup_stm32f10x_hd.o(.text)
    DMA1_Channel3_IRQHandler                 0x0800015f   Thumb Code     0  startup_stm32f10x_hd.o(.text)
    DMA1_Channel4_IRQHandler                 0x0800015f   Thumb Code     0  startup_stm32f10x_hd.o(.text)
    DMA1_Channel5_IRQHandler                 0x0800015f   Thumb Code     0  startup_stm32f10x_hd.o(.text)
    DMA1_Channel6_IRQHandler                 0x0800015f   Thumb Code     0  startup_stm32f10x_hd.o(.text)
    DMA1_Channel7_IRQHandler                 0x0800015f   Thumb Code     0  startup_stm32f10x_hd.o(.text)
    DMA2_Channel1_IRQHandler                 0x0800015f   Thumb Code     0  startup_stm32f10x_hd.o(.text)
    DMA2_Channel2_IRQHandler                 0x0800015f   Thumb Code     0  startup_stm32f10x_hd.o(.text)
    DMA2_Channel3_IRQHandler                 0x0800015f   Thumb Code     0  startup_stm32f10x_hd.o(.text)
    DMA2_Channel4_5_IRQHandler               0x0800015f   Thumb Code     0  startup_stm32f10x_hd.o(.text)
    EXTI0_IRQHandler                         0x0800015f   Thumb Code     0  startup_stm32f10x_hd.o(.text)
    EXTI15_10_IRQHandler                     0x0800015f   Thumb Code     0  startup_stm32f10x_hd.o(.text)
    EXTI1_IRQHandler                         0x0800015f   Thumb Code     0  startup_stm32f10x_hd.o(.text)
    EXTI2_IRQHandler                         0x0800015f   Thumb Code     0  startup_stm32f10x_hd.o(.text)
    EXTI3_IRQHandler                         0x0800015f   Thumb Code     0  startup_stm32f10x_hd.o(.text)
    EXTI4_IRQHandler                         0x0800015f   Thumb Code     0  startup_stm32f10x_hd.o(.text)
    EXTI9_5_IRQHandler                       0x0800015f   Thumb Code     0  startup_stm32f10x_hd.o(.text)
    FLASH_IRQHandler                         0x0800015f   Thumb Code     0  startup_stm32f10x_hd.o(.text)
    FSMC_IRQHandler                          0x0800015f   Thumb Code     0  startup_stm32f10x_hd.o(.text)
    I2C1_ER_IRQHandler                       0x0800015f   Thumb Code     0  startup_stm32f10x_hd.o(.text)
    I2C1_EV_IRQHandler                       0x0800015f   Thumb Code     0  startup_stm32f10x_hd.o(.text)
    I2C2_ER_IRQHandler                       0x0800015f   Thumb Code     0  startup_stm32f10x_hd.o(.text)
    I2C2_EV_IRQHandler                       0x0800015f   Thumb Code     0  startup_stm32f10x_hd.o(.text)
    PVD_IRQHandler                           0x0800015f   Thumb Code     0  startup_stm32f10x_hd.o(.text)
    RCC_IRQHandler                           0x0800015f   Thumb Code     0  startup_stm32f10x_hd.o(.text)
    RTCAlarm_IRQHandler                      0x0800015f   Thumb Code     0  startup_stm32f10x_hd.o(.text)
    RTC_IRQHandler                           0x0800015f   Thumb Code     0  startup_stm32f10x_hd.o(.text)
    SPI1_IRQHandler                          0x0800015f   Thumb Code     0  startup_stm32f10x_hd.o(.text)
    SPI2_IRQHandler                          0x0800015f   Thumb Code     0  startup_stm32f10x_hd.o(.text)
    SPI3_IRQHandler                          0x0800015f   Thumb Code     0  startup_stm32f10x_hd.o(.text)
    TAMPER_IRQHandler                        0x0800015f   Thumb Code     0  startup_stm32f10x_hd.o(.text)
    TIM1_BRK_IRQHandler                      0x0800015f   Thumb Code     0  startup_stm32f10x_hd.o(.text)
    TIM1_CC_IRQHandler                       0x0800015f   Thumb Code     0  startup_stm32f10x_hd.o(.text)
    TIM1_TRG_COM_IRQHandler                  0x0800015f   Thumb Code     0  startup_stm32f10x_hd.o(.text)
    TIM8_BRK_IRQHandler                      0x0800015f   Thumb Code     0  startup_stm32f10x_hd.o(.text)
    TIM8_CC_IRQHandler                       0x0800015f   Thumb Code     0  startup_stm32f10x_hd.o(.text)
    TIM8_TRG_COM_IRQHandler                  0x0800015f   Thumb Code     0  startup_stm32f10x_hd.o(.text)
    UART4_IRQHandler                         0x0800015f   Thumb Code     0  startup_stm32f10x_hd.o(.text)
    UART5_IRQHandler                         0x0800015f   Thumb Code     0  startup_stm32f10x_hd.o(.text)
    USART1_IRQHandler                        0x0800015f   Thumb Code     0  startup_stm32f10x_hd.o(.text)
    USART2_IRQHandler                        0x0800015f   Thumb Code     0  startup_stm32f10x_hd.o(.text)
    USART3_IRQHandler                        0x0800015f   Thumb Code     0  startup_stm32f10x_hd.o(.text)
    USBWakeUp_IRQHandler                     0x0800015f   Thumb Code     0  startup_stm32f10x_hd.o(.text)
    USB_HP_CAN1_TX_IRQHandler                0x0800015f   Thumb Code     0  startup_stm32f10x_hd.o(.text)
    USB_LP_CAN1_RX0_IRQHandler               0x0800015f   Thumb Code     0  startup_stm32f10x_hd.o(.text)
    WWDG_IRQHandler                          0x0800015f   Thumb Code     0  startup_stm32f10x_hd.o(.text)
    strlen                                   0x08000169   Thumb Code    14  strlen.o(.text)
    strcmp                                   0x08000177   Thumb Code    28  strcmp.o(.text)
    memcmp                                   0x08000193   Thumb Code    26  memcmp.o(.text)
    strcpy                                   0x080001ad   Thumb Code    18  strcpy.o(.text)
    __aeabi_uldivmod                         0x080001bf   Thumb Code    98  uldiv.o(.text)
    __scatterload                            0x08000221   Thumb Code    28  init.o(.text)
    __scatterload_rt2                        0x08000221   Thumb Code     0  init.o(.text)
    __aeabi_llsl                             0x08000245   Thumb Code    30  llshl.o(.text)
    _ll_shift_l                              0x08000245   Thumb Code     0  llshl.o(.text)
    __aeabi_llsr                             0x08000263   Thumb Code    32  llushr.o(.text)
    _ll_ushift_r                             0x08000263   Thumb Code     0  llushr.o(.text)
    __aeabi_memset                           0x08000283   Thumb Code    14  memseta.o(.text)
    __aeabi_memset4                          0x08000283   Thumb Code     0  memseta.o(.text)
    __aeabi_memset8                          0x08000283   Thumb Code     0  memseta.o(.text)
    __aeabi_memclr                           0x08000291   Thumb Code     4  memseta.o(.text)
    __aeabi_memclr4                          0x08000291   Thumb Code     0  memseta.o(.text)
    __aeabi_memclr8                          0x08000291   Thumb Code     0  memseta.o(.text)
    _memset$wrapper                          0x08000295   Thumb Code    18  memseta.o(.text)
    SDIO_IRQHandler                          0x080009e7   Thumb Code   244  lto-llvm-c4e533.o(.text.SDIO_IRQHandler)
    Stm32_Clock_Init                         0x08000add   Thumb Code   190  lto-llvm-c4e533.o(.text.Stm32_Clock_Init)
    TIM1_UP_IRQHandler                       0x08000b9b   Thumb Code    38  lto-llvm-c4e533.o(.text.TIM1_UP_IRQHandler)
    TIM2_IRQHandler                          0x08000bc1   Thumb Code    36  lto-llvm-c4e533.o(.text.TIM2_IRQHandler)
    TIM3_IRQHandler                          0x08000be5   Thumb Code    38  lto-llvm-c4e533.o(.text.TIM3_IRQHandler)
    TIM4_IRQHandler                          0x08000c0b   Thumb Code    38  lto-llvm-c4e533.o(.text.TIM4_IRQHandler)
    TIM5_IRQHandler                          0x08000c31   Thumb Code    86  lto-llvm-c4e533.o(.text.TIM5_IRQHandler)
    TIM6_IRQHandler                          0x08000c87   Thumb Code    38  lto-llvm-c4e533.o(.text.TIM6_IRQHandler)
    TIM7_IRQHandler                          0x08000cad   Thumb Code    38  lto-llvm-c4e533.o(.text.TIM7_IRQHandler)
    TIM8_UP_IRQHandler                       0x08000cd3   Thumb Code    38  lto-llvm-c4e533.o(.text.TIM8_UP_IRQHandler)
    fputc                                    0x080056fd   Thumb Code    20  lto-llvm-c4e533.o(.text.fputc)
    main                                     0x0801659d   Thumb Code  6926  lto-llvm-c4e533.o(.text.main)
    __scatterload_copy                       0x08019977   Thumb Code    14  handlers.o(i.__scatterload_copy)
    __scatterload_null                       0x08019985   Thumb Code     2  handlers.o(i.__scatterload_null)
    __scatterload_zeroinit                   0x08019987   Thumb Code    14  handlers.o(i.__scatterload_zeroinit)
    puts                                     0x08019995   Thumb Code    30  puts.o(i.puts)
    Region$$Table$$Base                      0x0801dad4   Number         0  anon$$obj.o(Region$$Table)
    Region$$Table$$Limit                     0x0801daf4   Number         0  anon$$obj.o(Region$$Table)
    __stdout                                 0x20000000   Data           4  stdout.o(.data)
    __initial_sp                             0x20009bf0   Data           0  startup_stm32f10x_hd.o(STACK)



==============================================================================

Memory Map of the image

  Image Entry point : 0x08000131

  Load Region LR_IROM1 (Base: 0x08000000, Size: 0x0001db60, Max: 0x00080000, ABSOLUTE)

    Execution Region ER_IROM1 (Exec base: 0x08000000, Load base: 0x08000000, Size: 0x0001daf4, Max: 0x00080000, ABSOLUTE)

    Exec Addr    Load Addr    Size         Type   Attr      Idx    E Section Name        Object

    0x08000000   0x08000000   0x00000130   Data   RO            3    RESET               startup_stm32f10x_hd.o
    0x08000130   0x08000130   0x00000000   Code   RO          142  * .ARM.Collect$$$$00000000  mc_w.l(entry.o)
    0x08000130   0x08000130   0x00000004   Code   RO          420    .ARM.Collect$$$$00000001  mc_w.l(entry2.o)
    0x08000134   0x08000134   0x00000004   Code   RO          423    .ARM.Collect$$$$00000004  mc_w.l(entry5.o)
    0x08000138   0x08000138   0x00000000   Code   RO          425    .ARM.Collect$$$$00000008  mc_w.l(entry7b.o)
    0x08000138   0x08000138   0x00000000   Code   RO          427    .ARM.Collect$$$$0000000A  mc_w.l(entry8b.o)
    0x08000138   0x08000138   0x00000008   Code   RO          428    .ARM.Collect$$$$0000000B  mc_w.l(entry9a.o)
    0x08000140   0x08000140   0x00000000   Code   RO          430    .ARM.Collect$$$$0000000D  mc_w.l(entry10a.o)
    0x08000140   0x08000140   0x00000000   Code   RO          432    .ARM.Collect$$$$0000000F  mc_w.l(entry11a.o)
    0x08000140   0x08000140   0x00000004   Code   RO          421    .ARM.Collect$$$$00002712  mc_w.l(entry2.o)
    0x08000144   0x08000144   0x00000024   Code   RO            4    .text               startup_stm32f10x_hd.o
    0x08000168   0x08000168   0x0000000e   Code   RO          151    .text               mc_w.l(strlen.o)
    0x08000176   0x08000176   0x0000001c   Code   RO          153    .text               mc_w.l(strcmp.o)
    0x08000192   0x08000192   0x0000001a   Code   RO          155    .text               mc_w.l(memcmp.o)
    0x080001ac   0x080001ac   0x00000012   Code   RO          157    .text               mc_w.l(strcpy.o)
    0x080001be   0x080001be   0x00000062   Code   RO          437    .text               mc_w.l(uldiv.o)
    0x08000220   0x08000220   0x00000024   Code   RO          450    .text               mc_w.l(init.o)
    0x08000244   0x08000244   0x0000001e   Code   RO          452    .text               mc_w.l(llshl.o)
    0x08000262   0x08000262   0x00000020   Code   RO          454    .text               mc_w.l(llushr.o)
    0x08000282   0x08000282   0x00000024   Code   RO          931    .text               mc_w.l(memseta.o)
    0x080002a6   0x080002a6   0x00000002   PAD
    0x080002a8   0x080002a8   0x000000ae   Code   RO          495    .text.CT_IIC_Send_Byte  lto-llvm-c4e533.o
    0x08000356   0x08000356   0x00000002   PAD
    0x08000358   0x08000358   0x00000092   Code   RO          489    .text.CT_IIC_Start  lto-llvm-c4e533.o
    0x080003ea   0x080003ea   0x00000002   PAD
    0x080003ec   0x080003ec   0x00000086   Code   RO          491    .text.CT_IIC_Stop   lto-llvm-c4e533.o
    0x08000472   0x08000472   0x00000002   PAD
    0x08000474   0x08000474   0x000000a2   Code   RO          493    .text.CT_IIC_Wait_Ack  lto-llvm-c4e533.o
    0x08000516   0x08000516   0x00000002   PAD
    0x08000518   0x08000518   0x000001a2   Code   RO          501    .text.GT9147_Read_REG  lto-llvm-c4e533.o
    0x080006ba   0x080006ba   0x00000002   PAD
    0x080006bc   0x080006bc   0x000000b6   Code   RO          503    .text.GT9147_Scan   lto-llvm-c4e533.o
    0x08000772   0x08000772   0x00000002   PAD
    0x08000774   0x08000774   0x0000004e   Code   RO          497    .text.GT9147_Writ_REG  lto-llvm-c4e533.o
    0x080007c2   0x080007c2   0x00000002   PAD
    0x080007c4   0x080007c4   0x00000222   Code   RO          499    .text.Gt9147_init   lto-llvm-c4e533.o
    0x080009e6   0x080009e6   0x000000f4   Code   RO          487    .text.SDIO_IRQHandler  lto-llvm-c4e533.o
    0x08000ada   0x08000ada   0x00000002   PAD
    0x08000adc   0x08000adc   0x000000be   Code   RO          469    .text.Stm32_Clock_Init  lto-llvm-c4e533.o
    0x08000b9a   0x08000b9a   0x00000026   Code   RO          471    .text.TIM1_UP_IRQHandler  lto-llvm-c4e533.o
    0x08000bc0   0x08000bc0   0x00000024   Code   RO          473    .text.TIM2_IRQHandler  lto-llvm-c4e533.o
    0x08000be4   0x08000be4   0x00000026   Code   RO          475    .text.TIM3_IRQHandler  lto-llvm-c4e533.o
    0x08000c0a   0x08000c0a   0x00000026   Code   RO          477    .text.TIM4_IRQHandler  lto-llvm-c4e533.o
    0x08000c30   0x08000c30   0x00000056   Code   RO          485    .text.TIM5_IRQHandler  lto-llvm-c4e533.o
    0x08000c86   0x08000c86   0x00000026   Code   RO          479    .text.TIM6_IRQHandler  lto-llvm-c4e533.o
    0x08000cac   0x08000cac   0x00000026   Code   RO          481    .text.TIM7_IRQHandler  lto-llvm-c4e533.o
    0x08000cd2   0x08000cd2   0x00000026   Code   RO          483    .text.TIM8_UP_IRQHandler  lto-llvm-c4e533.o
    0x08000cf8   0x08000cf8   0x000002ba   Code   RO          711    .text._lv_area_align  lto-llvm-c4e533.o
    0x08000fb2   0x08000fb2   0x00000094   Code   RO          709    .text._lv_area_is_in  lto-llvm-c4e533.o
    0x08001046   0x08001046   0x00000150   Code   RO          707    .text._lv_area_is_point_on  lto-llvm-c4e533.o
    0x08001196   0x08001196   0x00000002   PAD
    0x08001198   0x08001198   0x000008ea   Code   RO          635    .text._lv_blend_fill  lto-llvm-c4e533.o
    0x08001a82   0x08001a82   0x00000002   PAD
    0x08001a84   0x08001a84   0x00000a3a   Code   RO          641    .text._lv_blend_map  lto-llvm-c4e533.o
    0x080024be   0x080024be   0x00000002   PAD
    0x080024c0   0x080024c0   0x000006fe   Code   RO          607    .text._lv_disp_refr_task  lto-llvm-c4e533.o
    0x08002bbe   0x08002bbe   0x00000002   PAD
    0x08002bc0   0x08002bc0   0x00000842   Code   RO          515    .text._lv_indev_read_task  lto-llvm-c4e533.o
    0x08003402   0x08003402   0x0000000a   Code   RO          717    .text._lv_ll_get_head  lto-llvm-c4e533.o
    0x0800340c   0x0800340c   0x0000000e   Code   RO          723    .text._lv_ll_get_next  lto-llvm-c4e533.o
    0x0800341a   0x0800341a   0x0000000c   Code   RO          719    .text._lv_ll_get_prev  lto-llvm-c4e533.o
    0x08003426   0x08003426   0x0000000a   Code   RO          725    .text._lv_ll_get_tail  lto-llvm-c4e533.o
    0x08003430   0x08003430   0x0000002c   Code   RO          715    .text._lv_ll_ins_head  lto-llvm-c4e533.o
    0x0800345c   0x0800345c   0x0000005c   Code   RO          727    .text._lv_ll_move_before  lto-llvm-c4e533.o
    0x080034b8   0x080034b8   0x0000006c   Code   RO          721    .text._lv_ll_remove  lto-llvm-c4e533.o
    0x08003524   0x08003524   0x000000f6   Code   RO          745    .text._lv_mem_buf_get  lto-llvm-c4e533.o
    0x0800361a   0x0800361a   0x00000002   PAD
    0x0800361c   0x0800361c   0x0000004c   Code   RO          747    .text._lv_mem_buf_release  lto-llvm-c4e533.o
    0x08003668   0x08003668   0x00000176   Code   RO          741    .text._lv_memcpy    lto-llvm-c4e533.o
    0x080037de   0x080037de   0x00000002   PAD
    0x080037e0   0x080037e0   0x00000092   Code   RO          743    .text._lv_memset    lto-llvm-c4e533.o
    0x08003872   0x08003872   0x00000076   Code   RO          731    .text._lv_memset_00  lto-llvm-c4e533.o
    0x080038e8   0x080038e8   0x0000007e   Code   RO          749    .text._lv_memset_ff  lto-llvm-c4e533.o
    0x08003966   0x08003966   0x00000002   PAD
    0x08003968   0x08003968   0x000001fe   Code   RO          557    .text._lv_obj_get_style_color  lto-llvm-c4e533.o
    0x08003b66   0x08003b66   0x00000002   PAD
    0x08003b68   0x08003b68   0x00000222   Code   RO          551    .text._lv_obj_get_style_int  lto-llvm-c4e533.o
    0x08003d8a   0x08003d8a   0x00000002   PAD
    0x08003d8c   0x08003d8c   0x000001fe   Code   RO          553    .text._lv_obj_get_style_opa  lto-llvm-c4e533.o
    0x08003f8a   0x08003f8a   0x00000002   PAD
    0x08003f8c   0x08003f8c   0x00000232   Code   RO          559    .text._lv_obj_get_style_ptr  lto-llvm-c4e533.o
    0x080041be   0x080041be   0x00000002   PAD
    0x080041c0   0x080041c0   0x00000034   Code   RO          619    .text._lv_style_get_mem_size  lto-llvm-c4e533.o
    0x080041f4   0x080041f4   0x00000102   Code   RO          625    .text._lv_style_list_add_style  lto-llvm-c4e533.o
    0x080042f6   0x080042f6   0x00000062   Code   RO          623    .text._lv_style_list_reset  lto-llvm-c4e533.o
    0x08004358   0x08004358   0x0000010e   Code   RO          629    .text._lv_style_set_color  lto-llvm-c4e533.o
    0x08004466   0x08004466   0x00000002   PAD
    0x08004468   0x08004468   0x0000010e   Code   RO          627    .text._lv_style_set_int  lto-llvm-c4e533.o
    0x08004576   0x08004576   0x00000002   PAD
    0x08004578   0x08004578   0x000000fa   Code   RO          631    .text._lv_style_set_opa  lto-llvm-c4e533.o
    0x08004672   0x08004672   0x00000002   PAD
    0x08004674   0x08004674   0x0000011a   Code   RO          633    .text._lv_style_set_ptr  lto-llvm-c4e533.o
    0x0800478e   0x0800478e   0x00000072   Code   RO          729    .text._lv_trigo_sin  lto-llvm-c4e533.o
    0x08004800   0x08004800   0x00000286   Code   RO          771    .text._lv_txt_get_next_line  lto-llvm-c4e533.o
    0x08004a86   0x08004a86   0x00000002   PAD
    0x08004a88   0x08004a88   0x000000be   Code   RO          769    .text._lv_txt_get_size  lto-llvm-c4e533.o
    0x08004b46   0x08004b46   0x00000002   PAD
    0x08004b48   0x08004b48   0x000000c0   Code   RO          773    .text._lv_txt_get_width  lto-llvm-c4e533.o
    0x08004c08   0x08004c08   0x000001c4   Code   RO          759    .text._ntoa_format  lto-llvm-c4e533.o
    0x08004dcc   0x08004dcc   0x00000094   Code   RO          757    .text._ntoa_long    lto-llvm-c4e533.o
    0x08004e60   0x08004e60   0x000000a4   Code   RO          755    .text._ntoa_long_long  lto-llvm-c4e533.o
    0x08004f04   0x08004f04   0x00000008   Code   RO          751    .text._out_buffer   lto-llvm-c4e533.o
    0x08004f0c   0x08004f0c   0x00000002   Code   RO          753    .text._out_null     lto-llvm-c4e533.o
    0x08004f0e   0x08004f0e   0x00000002   PAD
    0x08004f10   0x08004f10   0x000001c6   Code   RO          699    .text.anim_task     lto-llvm-c4e533.o
    0x080050d6   0x080050d6   0x00000002   PAD
    0x080050d8   0x080050d8   0x0000003a   Code   RO          465    .text.btn_event_cb  lto-llvm-c4e533.o
    0x08005112   0x08005112   0x000000aa   Code   RO          639    .text.color_blend_true_color_additive  lto-llvm-c4e533.o
    0x080051bc   0x080051bc   0x000000a6   Code   RO          637    .text.color_blend_true_color_subtractive  lto-llvm-c4e533.o
    0x08005262   0x08005262   0x00000002   PAD
    0x08005264   0x08005264   0x0000026a   Code   RO          689    .text.decompress_line  lto-llvm-c4e533.o
    0x080054ce   0x080054ce   0x00000002   PAD
    0x080054d0   0x080054d0   0x000000fa   Code   RO          819    .text.disp_flush    lto-llvm-c4e533.o
    0x080055ca   0x080055ca   0x00000044   Code   RO          735    .text.ent_trunc     lto-llvm-c4e533.o
    0x0800560e   0x0800560e   0x00000002   PAD
    0x08005610   0x08005610   0x000000ea   Code   RO          505    .text.focus_next_core  lto-llvm-c4e533.o
    0x080056fa   0x080056fa   0x00000002   PAD
    0x080056fc   0x080056fc   0x00000014   Code   RO          467    .text.fputc         lto-llvm-c4e533.o
    0x08005710   0x08005710   0x0000001a   Code   RO          523    .text.get_dragged_obj  lto-llvm-c4e533.o
    0x0800572a   0x0800572a   0x00000002   PAD
    0x0800572c   0x0800572c   0x0000010e   Code   RO          687    .text.get_glyph_dsc_id  lto-llvm-c4e533.o
    0x0800583a   0x0800583a   0x00000056   Code   RO          809    .text.get_txt_coords  lto-llvm-c4e533.o
    0x08005890   0x08005890   0x0000005a   Code   RO          651    .text.hex_char_to_num  lto-llvm-c4e533.o
    0x080058ea   0x080058ea   0x00000002   PAD
    0x080058ec   0x080058ec   0x000001c2   Code   RO          525    .text.indev_drag_throw  lto-llvm-c4e533.o
    0x08005aae   0x08005aae   0x00000002   PAD
    0x08005ab0   0x08005ab0   0x000008a2   Code   RO          519    .text.indev_proc_press  lto-llvm-c4e533.o
    0x08006352   0x08006352   0x0000015c   Code   RO          521    .text.indev_proc_release  lto-llvm-c4e533.o
    0x080064ae   0x080064ae   0x0000003e   Code   RO          517    .text.indev_proc_reset_query_handler  lto-llvm-c4e533.o
    0x080064ec   0x080064ec   0x00000076   Code   RO          705    .text.lv_anim_del   lto-llvm-c4e533.o
    0x08006562   0x08006562   0x00000002   PAD
    0x08006564   0x08006564   0x00000040   Code   RO          701    .text.lv_anim_init  lto-llvm-c4e533.o
    0x080065a4   0x080065a4   0x00000022   Code   RO          697    .text.lv_anim_path_linear  lto-llvm-c4e533.o
    0x080065c6   0x080065c6   0x00000002   PAD
    0x080065c8   0x080065c8   0x000000b6   Code   RO          703    .text.lv_anim_start  lto-llvm-c4e533.o
    0x0800667e   0x0800667e   0x0000003e   Code   RO          781    .text.lv_btn_design  lto-llvm-c4e533.o
    0x080066bc   0x080066bc   0x00000022   Code   RO          783    .text.lv_btn_get_checkable  lto-llvm-c4e533.o
    0x080066de   0x080066de   0x00000002   PAD
    0x080066e0   0x080066e0   0x0000009c   Code   RO          785    .text.lv_btn_set_state  lto-llvm-c4e533.o
    0x0800677c   0x0800677c   0x0000010a   Code   RO          779    .text.lv_btn_signal  lto-llvm-c4e533.o
    0x08006886   0x08006886   0x00000002   PAD
    0x08006888   0x08006888   0x00000022   Code   RO          793    .text.lv_cont_get_layout  lto-llvm-c4e533.o
    0x080068aa   0x080068aa   0x00000002   PAD
    0x080068ac   0x080068ac   0x0000034e   Code   RO          791    .text.lv_cont_refr_autofit  lto-llvm-c4e533.o
    0x08006bfa   0x08006bfa   0x00000002   PAD
    0x08006bfc   0x08006bfc   0x00000696   Code   RO          789    .text.lv_cont_refr_layout  lto-llvm-c4e533.o
    0x08007292   0x08007292   0x00000002   PAD
    0x08007294   0x08007294   0x000000ea   Code   RO          787    .text.lv_cont_signal  lto-llvm-c4e533.o
    0x0800737e   0x0800737e   0x00000002   PAD
    0x08007380   0x08007380   0x00000054   Code   RO          713    .text.lv_debug_log_error  lto-llvm-c4e533.o
    0x080073d4   0x080073d4   0x00000166   Code   RO          693    .text.lv_disp_drv_register  lto-llvm-c4e533.o
    0x0800753a   0x0800753a   0x0000004a   Code   RO          695    .text.lv_disp_get_size_category  lto-llvm-c4e533.o
    0x08007584   0x08007584   0x00000606   Code   RO          643    .text.lv_draw_img   lto-llvm-c4e533.o
    0x08007b8a   0x08007b8a   0x00000002   PAD
    0x08007b8c   0x08007b8c   0x00000d14   Code   RO          649    .text.lv_draw_label  lto-llvm-c4e533.o
    0x080088a0   0x080088a0   0x00000a42   Code   RO          653    .text.lv_draw_line  lto-llvm-c4e533.o
    0x080092e2   0x080092e2   0x00000002   PAD
    0x080092e4   0x080092e4   0x00000cc2   Code   RO          647    .text.lv_draw_map   lto-llvm-c4e533.o
    0x08009fa6   0x08009fa6   0x00000002   PAD
    0x08009fa8   0x08009fa8   0x00000062   Code   RO          655    .text.lv_draw_mask_apply  lto-llvm-c4e533.o
    0x0800a00a   0x0800a00a   0x00000002   PAD
    0x0800a00c   0x0800a00c   0x0000048c   Code   RO          659    .text.lv_draw_mask_line  lto-llvm-c4e533.o
    0x0800a498   0x0800a498   0x00000112   Code   RO          657    .text.lv_draw_mask_line_points_init  lto-llvm-c4e533.o
    0x0800a5aa   0x0800a5aa   0x00000002   PAD
    0x0800a5ac   0x0800a5ac   0x000005c4   Code   RO          663    .text.lv_draw_mask_radius  lto-llvm-c4e533.o
    0x0800ab70   0x0800ab70   0x00000074   Code   RO          661    .text.lv_draw_mask_radius_init  lto-llvm-c4e533.o
    0x0800abe4   0x0800abe4   0x0000299c   Code   RO          667    .text.lv_draw_rect  lto-llvm-c4e533.o
    0x0800d580   0x0800d580   0x00000046   Code   RO          665    .text.lv_draw_rect_dsc_init  lto-llvm-c4e533.o
    0x0800d5c6   0x0800d5c6   0x0000008a   Code   RO          591    .text.lv_event_send  lto-llvm-c4e533.o
    0x0800d650   0x0800d650   0x00000306   Code   RO          685    .text.lv_font_get_bitmap_fmt_txt  lto-llvm-c4e533.o
    0x0800d956   0x0800d956   0x00000002   PAD
    0x0800d958   0x0800d958   0x000001b6   Code   RO          691    .text.lv_font_get_glyph_dsc_fmt_txt  lto-llvm-c4e533.o
    0x0800db0e   0x0800db0e   0x00000002   PAD
    0x0800db10   0x0800db10   0x00000098   Code   RO          509    .text.lv_group_focus_obj  lto-llvm-c4e533.o
    0x0800dba8   0x0800dba8   0x0000002c   Code   RO          513    .text.lv_group_send_data  lto-llvm-c4e533.o
    0x0800dbd4   0x0800dbd4   0x00000052   Code   RO          511    .text.lv_group_set_editing  lto-llvm-c4e533.o
    0x0800dc26   0x0800dc26   0x00000002   PAD
    0x0800dc28   0x0800dc28   0x000000e6   Code   RO          673    .text.lv_img_buf_get_px_alpha  lto-llvm-c4e533.o
    0x0800dd0e   0x0800dd0e   0x00000002   PAD
    0x0800dd10   0x0800dd10   0x0000011a   Code   RO          671    .text.lv_img_buf_get_px_color  lto-llvm-c4e533.o
    0x0800de2a   0x0800de2a   0x00000024   Code   RO          681    .text.lv_img_decoder_built_in_close  lto-llvm-c4e533.o
    0x0800de4e   0x0800de4e   0x0000005c   Code   RO          675    .text.lv_img_decoder_built_in_info  lto-llvm-c4e533.o
    0x0800deaa   0x0800deaa   0x00000002   PAD
    0x0800deac   0x0800deac   0x00000146   Code   RO          677    .text.lv_img_decoder_built_in_open  lto-llvm-c4e533.o
    0x0800dff2   0x0800dff2   0x00000002   PAD
    0x0800dff4   0x0800dff4   0x00000328   Code   RO          679    .text.lv_img_decoder_built_in_read_line  lto-llvm-c4e533.o
    0x0800e31c   0x0800e31c   0x00000022   Code   RO          683    .text.lv_img_decoder_close  lto-llvm-c4e533.o
    0x0800e33e   0x0800e33e   0x00000002   PAD
    0x0800e340   0x0800e340   0x0000009c   Code   RO          527    .text.lv_indev_search_obj  lto-llvm-c4e533.o
    0x0800e3dc   0x0800e3dc   0x0000011a   Code   RO          795    .text.lv_label_create  lto-llvm-c4e533.o
    0x0800e4f6   0x0800e4f6   0x00000002   PAD
    0x0800e4f8   0x0800e4f8   0x00000334   Code   RO          797    .text.lv_label_design  lto-llvm-c4e533.o
    0x0800e82c   0x0800e82c   0x00000036   Code   RO          805    .text.lv_label_dot_tmp_free  lto-llvm-c4e533.o
    0x0800e862   0x0800e862   0x00000002   PAD
    0x0800e864   0x0800e864   0x00000026   Code   RO          803    .text.lv_label_get_align  lto-llvm-c4e533.o
    0x0800e88a   0x0800e88a   0x00000002   PAD
    0x0800e88c   0x0800e88c   0x00000954   Code   RO          807    .text.lv_label_refr_text  lto-llvm-c4e533.o
    0x0800f1e0   0x0800f1e0   0x000000b2   Code   RO          815    .text.lv_label_revert_dots  lto-llvm-c4e533.o
    0x0800f292   0x0800f292   0x00000002   PAD
    0x0800f294   0x0800f294   0x00000022   Code   RO          811    .text.lv_label_set_offset_x  lto-llvm-c4e533.o
    0x0800f2b6   0x0800f2b6   0x00000002   PAD
    0x0800f2b8   0x0800f2b8   0x00000022   Code   RO          813    .text.lv_label_set_offset_y  lto-llvm-c4e533.o
    0x0800f2da   0x0800f2da   0x00000002   PAD
    0x0800f2dc   0x0800f2dc   0x000000a2   Code   RO          801    .text.lv_label_set_text  lto-llvm-c4e533.o
    0x0800f37e   0x0800f37e   0x00000002   PAD
    0x0800f380   0x0800f380   0x0000097e   Code   RO          817    .text.lv_label_set_text_fmt  lto-llvm-c4e533.o
    0x0800fcfe   0x0800fcfe   0x00000002   PAD
    0x0800fd00   0x0800fd00   0x000000de   Code   RO          799    .text.lv_label_signal  lto-llvm-c4e533.o
    0x0800fdde   0x0800fdde   0x00000002   PAD
    0x0800fde0   0x0800fde0   0x0000007e   Code   RO          733    .text.lv_mem_alloc  lto-llvm-c4e533.o
    0x0800fe5e   0x0800fe5e   0x00000002   PAD
    0x0800fe60   0x0800fe60   0x000000e8   Code   RO          737    .text.lv_mem_free   lto-llvm-c4e533.o
    0x0800ff48   0x0800ff48   0x0000006e   Code   RO          739    .text.lv_mem_realloc  lto-llvm-c4e533.o
    0x0800ffb6   0x0800ffb6   0x00000002   PAD
    0x0800ffb8   0x0800ffb8   0x0000002a   Code   RO          565    .text.lv_obj_add_state  lto-llvm-c4e533.o
    0x0800ffe2   0x0800ffe2   0x00000002   PAD
    0x0800ffe4   0x0800ffe4   0x0000009a   Code   RO          585    .text.lv_obj_align  lto-llvm-c4e533.o
    0x0801007e   0x0801007e   0x00000002   PAD
    0x08010080   0x08010080   0x00000026   Code   RO          605    .text.lv_obj_allocate_ext_attr  lto-llvm-c4e533.o
    0x080100a6   0x080100a6   0x00000056   Code   RO          601    .text.lv_obj_clean_style_list  lto-llvm-c4e533.o
    0x080100fc   0x080100fc   0x0000002e   Code   RO          567    .text.lv_obj_clear_state  lto-llvm-c4e533.o
    0x0801012a   0x0801012a   0x00000002   PAD
    0x0801012c   0x0801012c   0x000001bc   Code   RO          529    .text.lv_obj_create  lto-llvm-c4e533.o
    0x080102e8   0x080102e8   0x00000052   Code   RO          587    .text.lv_obj_del    lto-llvm-c4e533.o
    0x0801033a   0x0801033a   0x00000002   PAD
    0x0801033c   0x0801033c   0x00000278   Code   RO          533    .text.lv_obj_design  lto-llvm-c4e533.o
    0x080105b4   0x080105b4   0x00000026   Code   RO          547    .text.lv_obj_get_coords  lto-llvm-c4e533.o
    0x080105da   0x080105da   0x00000002   PAD
    0x080105dc   0x080105dc   0x00000052   Code   RO          545    .text.lv_obj_get_disp  lto-llvm-c4e533.o
    0x0801062e   0x0801062e   0x00000002   PAD
    0x08010630   0x08010630   0x0000001e   Code   RO          569    .text.lv_obj_get_focused_obj  lto-llvm-c4e533.o
    0x0801064e   0x0801064e   0x00000002   PAD
    0x08010650   0x08010650   0x00000022   Code   RO          543    .text.lv_obj_get_screen  lto-llvm-c4e533.o
    0x08010672   0x08010672   0x00000002   PAD
    0x08010674   0x08010674   0x00000040   Code   RO          561    .text.lv_obj_get_state  lto-llvm-c4e533.o
    0x080106b4   0x080106b4   0x00000026   Code   RO          535    .text.lv_obj_get_x  lto-llvm-c4e533.o
    0x080106da   0x080106da   0x00000002   PAD
    0x080106dc   0x080106dc   0x00000026   Code   RO          537    .text.lv_obj_get_y  lto-llvm-c4e533.o
    0x08010702   0x08010702   0x00000316   Code   RO          555    .text.lv_obj_init_draw_rect_dsc  lto-llvm-c4e533.o
    0x08010a18   0x08010a18   0x0000031e   Code   RO          541    .text.lv_obj_invalidate  lto-llvm-c4e533.o
    0x08010d36   0x08010d36   0x00000002   PAD
    0x08010d38   0x08010d38   0x00000062   Code   RO          593    .text.lv_obj_move_foreground  lto-llvm-c4e533.o
    0x08010d9a   0x08010d9a   0x00000002   PAD
    0x08010d9c   0x08010d9c   0x000001f4   Code   RO          563    .text.lv_obj_realign  lto-llvm-c4e533.o
    0x08010f90   0x08010f90   0x000000e0   Code   RO          581    .text.lv_obj_refresh_style  lto-llvm-c4e533.o
    0x08011070   0x08011070   0x0000008a   Code   RO          539    .text.lv_obj_set_pos  lto-llvm-c4e533.o
    0x080110fa   0x080110fa   0x00000002   PAD
    0x080110fc   0x080110fc   0x000000aa   Code   RO          599    .text.lv_obj_set_size  lto-llvm-c4e533.o
    0x080111a6   0x080111a6   0x00000002   PAD
    0x080111a8   0x080111a8   0x000004b6   Code   RO          573    .text.lv_obj_set_state  lto-llvm-c4e533.o
    0x0801165e   0x0801165e   0x00000002   PAD
    0x08011660   0x08011660   0x0000002e   Code   RO          595    .text.lv_obj_set_x  lto-llvm-c4e533.o
    0x0801168e   0x0801168e   0x00000002   PAD
    0x08011690   0x08011690   0x0000002e   Code   RO          597    .text.lv_obj_set_y  lto-llvm-c4e533.o
    0x080116be   0x080116be   0x00000002   PAD
    0x080116c0   0x080116c0   0x0000036e   Code   RO          531    .text.lv_obj_signal  lto-llvm-c4e533.o
    0x08011a2e   0x08011a2e   0x00000002   PAD
    0x08011a30   0x08011a30   0x00000108   Code   RO          609    .text.lv_refr_area_part  lto-llvm-c4e533.o
    0x08011b38   0x08011b38   0x0000007c   Code   RO          613    .text.lv_refr_get_top_obj  lto-llvm-c4e533.o
    0x08011bb4   0x08011bb4   0x000001c4   Code   RO          617    .text.lv_refr_obj   lto-llvm-c4e533.o
    0x08011d78   0x08011d78   0x00000058   Code   RO          615    .text.lv_refr_obj_and_children  lto-llvm-c4e533.o
    0x08011dd0   0x08011dd0   0x00000066   Code   RO          611    .text.lv_refr_vdb_flush  lto-llvm-c4e533.o
    0x08011e36   0x08011e36   0x00000002   PAD
    0x08011e38   0x08011e38   0x000000d2   Code   RO          621    .text.lv_style_remove_prop  lto-llvm-c4e533.o
    0x08011f0a   0x08011f0a   0x00000002   PAD
    0x08011f0c   0x08011f0c   0x00000156   Code   RO          763    .text.lv_task_create  lto-llvm-c4e533.o
    0x08012062   0x08012062   0x00000002   PAD
    0x08012064   0x08012064   0x000000a6   Code   RO          761    .text.lv_task_exec  lto-llvm-c4e533.o
    0x0801210a   0x0801210a   0x00000002   PAD
    0x0801210c   0x0801210c   0x00000060   Code   RO          765    .text.lv_task_set_prio  lto-llvm-c4e533.o
    0x0801216c   0x0801216c   0x00004354   Code   RO          775    .text.lv_theme_material_init  lto-llvm-c4e533.o
    0x080164c0   0x080164c0   0x000000dc   Code   RO          767    .text.lv_txt_utf8_next  lto-llvm-c4e533.o
    0x0801659c   0x0801659c   0x00001b0e   Code   RO          463    .text.main          lto-llvm-c4e533.o
    0x080180aa   0x080180aa   0x00000002   PAD
    0x080180ac   0x080180ac   0x000001d4   Code   RO          589    .text.obj_del_core  lto-llvm-c4e533.o
    0x08018280   0x08018280   0x0000001e   Code   RO          507    .text.obj_to_foreground  lto-llvm-c4e533.o
    0x0801829e   0x0801829e   0x00000002   PAD
    0x080182a0   0x080182a0   0x00000040   Code   RO          549    .text.refresh_children_position  lto-llvm-c4e533.o
    0x080182e0   0x080182e0   0x00000042   Code   RO          583    .text.refresh_children_style  lto-llvm-c4e533.o
    0x08018322   0x08018322   0x00000002   PAD
    0x08018324   0x08018324   0x0000007e   Code   RO          603    .text.report_style_mod_core  lto-llvm-c4e533.o
    0x080183a2   0x080183a2   0x00000002   PAD
    0x080183a4   0x080183a4   0x0000018e   Code   RO          669    .text.shadow_blur_corner  lto-llvm-c4e533.o
    0x08018532   0x08018532   0x00000062   Code   RO          645    .text.show_error    lto-llvm-c4e533.o
    0x08018594   0x08018594   0x00001086   Code   RO          777    .text.theme_apply.396  lto-llvm-c4e533.o
    0x0801961a   0x0801961a   0x0000001c   Code   RO          461    .text.tim_lv_tick   lto-llvm-c4e533.o
    0x08019636   0x08019636   0x00000056   Code   RO          821    .text.touchpad_read  lto-llvm-c4e533.o
    0x0801968c   0x0801968c   0x0000013e   Code   RO          575    .text.trans_anim_cb  lto-llvm-c4e533.o
    0x080197ca   0x080197ca   0x00000002   PAD
    0x080197cc   0x080197cc   0x000000a2   Code   RO          579    .text.trans_anim_ready_cb  lto-llvm-c4e533.o
    0x0801986e   0x0801986e   0x0000005a   Code   RO          577    .text.trans_anim_start_cb  lto-llvm-c4e533.o
    0x080198c8   0x080198c8   0x000000ae   Code   RO          571    .text.trans_del     lto-llvm-c4e533.o
    0x08019976   0x08019976   0x0000000e   Code   RO          935    i.__scatterload_copy  mc_w.l(handlers.o)
    0x08019984   0x08019984   0x00000002   Code   RO          936    i.__scatterload_null  mc_w.l(handlers.o)
    0x08019986   0x08019986   0x0000000e   Code   RO          937    i.__scatterload_zeroinit  mc_w.l(handlers.o)
    0x08019994   0x08019994   0x00000024   Code   RO          145    i.puts              mc_w.l(puts.o)
    0x080199b8   0x080199b8   0x00000004   Data   RO          856    .rodata..L__const.lv_img_buf_get_px_alpha.opa_table  lto-llvm-c4e533.o
    0x080199bc   0x080199bc   0x00000010   Data   RO          858    .rodata..L__const.lv_img_decoder_built_in_line_alpha.alpha4_opa_table  lto-llvm-c4e533.o
    0x080199cc   0x080199cc   0x00000020   Data   RO          851    .rodata..Lswitch.table.lv_draw_label.4  lto-llvm-c4e533.o
    0x080199ec   0x080199ec   0x000000b8   Data   RO          839    .rodata.GT9147_CFG_TBL  lto-llvm-c4e533.o
    0x08019aa4   0x08019aa4   0x0000000a   Data   RO          840    .rodata.GT9147_TPX_TBL  lto-llvm-c4e533.o
    0x08019aae   0x08019aae   0x00000002   Data   RO          848    .rodata._lv_bpp1_opa_table  lto-llvm-c4e533.o
    0x08019ab0   0x08019ab0   0x00000100   Data   RO          849    .rodata._lv_bpp8_opa_table  lto-llvm-c4e533.o
    0x08019bb0   0x08019bb0   0x00000028   Data   RO          870    .rodata.cmaps       lto-llvm-c4e533.o
    0x08019bd8   0x08019bd8   0x00000060   Data   RO          850    .rodata.cst32       lto-llvm-c4e533.o
    0x08019c38   0x08019c38   0x00000021   Data   RO          855    .rodata.draw_line_skew.wcorr  lto-llvm-c4e533.o
    0x08019c59   0x08019c59   0x00000003   PAD
    0x08019c5c   0x08019c5c   0x000004d8   Data   RO          869    .rodata.glyph_dsc   lto-llvm-c4e533.o
    0x0801a134   0x0801a134   0x00002a38   Data   RO          868    .rodata.gylph_bitmap  lto-llvm-c4e533.o
    0x0801cb6c   0x0801cb6c   0x00000bad   Data   RO          872    .rodata.kern_class_values  lto-llvm-c4e533.o
    0x0801d719   0x0801d719   0x00000003   PAD
    0x0801d71c   0x0801d71c   0x00000010   Data   RO          871    .rodata.kern_classes  lto-llvm-c4e533.o
    0x0801d72c   0x0801d72c   0x0000009b   Data   RO          873    .rodata.kern_left_class_mapping  lto-llvm-c4e533.o
    0x0801d7c7   0x0801d7c7   0x0000009b   Data   RO          874    .rodata.kern_right_class_mapping  lto-llvm-c4e533.o
    0x0801d862   0x0801d862   0x00000002   PAD
    0x0801d864   0x0801d864   0x00000008   Data   RO          879    .rodata.lv_anim_path_def  lto-llvm-c4e533.o
    0x0801d86c   0x0801d86c   0x000000b6   Data   RO          895    .rodata.sin0_90_table  lto-llvm-c4e533.o
    0x0801d922   0x0801d922   0x00000139   Data   RO          824    .rodata.str1.1      lto-llvm-c4e533.o
    0x0801da5b   0x0801da5b   0x00000001   PAD
    0x0801da5c   0x0801da5c   0x00000076   Data   RO          875    .rodata.unicode_list_1  lto-llvm-c4e533.o
    0x0801dad2   0x0801dad2   0x00000002   PAD
    0x0801dad4   0x0801dad4   0x00000020   Data   RO          934    Region$$Table       anon$$obj.o


    Execution Region RW_IRAM1 (Exec base: 0x20000000, Load base: 0x0801daf8, Size: 0x00009bf0, Max: 0x00010000, ABSOLUTE)

    Exec Addr    Load Addr    Size         Type   Attr      Idx    E Section Name        Object

    0x20000000   0x0801daf8   0x00000004   Data   RW          434    .data               mc_w.l(stdout.o)
    0x20000004   0x0801dafc   0x00000020   Data   RW          838    .data.Tp_dev        lto-llvm-c4e533.o
    0x20000024   0x0801db1c   0x00000020   Data   RW          867    .data.font_dsc      lto-llvm-c4e533.o
    0x20000044   0x0801db3c   0x00000014   Data   RW          866    .data.lv_font_montserrat_16  lto-llvm-c4e533.o
    0x20000058   0x0801db50   0x00000010   Data   RW          901    .data.mem_buf_small  lto-llvm-c4e533.o
    0x20000068        -       0x00000004   Zero   RW          828    .bss.TIM1_arr_overflow_Irq  lto-llvm-c4e533.o
    0x2000006c        -       0x00000004   Zero   RW          829    .bss.TIM2_arr_overflow_Irq  lto-llvm-c4e533.o
    0x20000070        -       0x00000004   Zero   RW          830    .bss.TIM3_arr_overflow_Irq  lto-llvm-c4e533.o
    0x20000074        -       0x00000004   Zero   RW          831    .bss.TIM4_arr_overflow_Irq  lto-llvm-c4e533.o
    0x20000078        -       0x00000004   Zero   RW          832    .bss.TIM6_arr_overflow_Irq  lto-llvm-c4e533.o
    0x2000007c        -       0x00000004   Zero   RW          833    .bss.TIM7_arr_overflow_Irq  lto-llvm-c4e533.o
    0x20000080        -       0x00000004   Zero   RW          834    .bss.TIM8_arr_overflow_Irq  lto-llvm-c4e533.o
    0x20000084        -       0x00000001   Zero   RW          837    .bss.TransferEnd    lto-llvm-c4e533.o
    0x20000085        -       0x00000001   Zero   RW          836    .bss.TransferError  lto-llvm-c4e533.o
    0x20000086   0x0801db60   0x00000002   PAD
    0x20000088        -       0x0000000c   Zero   RW          886    .bss._lv_anim_ll    lto-llvm-c4e533.o
    0x20000094        -       0x00000004   Zero   RW          881    .bss._lv_anim_task  lto-llvm-c4e533.o
    0x20000098        -       0x0000000c   Zero   RW          884    .bss._lv_disp_ll    lto-llvm-c4e533.o
    0x200000a4        -       0x00000080   Zero   RW          893    .bss._lv_draw_mask_list  lto-llvm-c4e533.o
    0x20000124        -       0x0000000c   Zero   RW          887    .bss._lv_group_ll   lto-llvm-c4e533.o
    0x20000130        -       0x00000004   Zero   RW          890    .bss._lv_img_cache_array  lto-llvm-c4e533.o
    0x20000134        -       0x0000000c   Zero   RW          888    .bss._lv_img_defoder_ll  lto-llvm-c4e533.o
    0x20000140        -       0x0000000c   Zero   RW          885    .bss._lv_indev_ll   lto-llvm-c4e533.o
    0x2000014c        -       0x00000080   Zero   RW          892    .bss._lv_mem_buf    lto-llvm-c4e533.o
    0x200001cc        -       0x00007800   Zero   RW          896    .bss._lv_mem_init.work_mem_int  lto-llvm-c4e533.o
    0x200079cc        -       0x0000000c   Zero   RW          889    .bss._lv_obj_style_trans_ll  lto-llvm-c4e533.o
    0x200079d8        -       0x00000004   Zero   RW          891    .bss._lv_task_act   lto-llvm-c4e533.o
    0x200079dc        -       0x0000000c   Zero   RW          883    .bss._lv_task_ll    lto-llvm-c4e533.o
    0x200079e8        -       0x00000004   Zero   RW          894    .bss._lv_theme_material_styles  lto-llvm-c4e533.o
    0x200079ec        -       0x00000004   Zero   RW          917    .bss.ancestor_design.415  lto-llvm-c4e533.o
    0x200079f0        -       0x00000004   Zero   RW          919    .bss.ancestor_design.458  lto-llvm-c4e533.o
    0x200079f4        -       0x00000004   Zero   RW          916    .bss.ancestor_signal.414  lto-llvm-c4e533.o
    0x200079f8        -       0x00000004   Zero   RW          918    .bss.ancestor_signal.457  lto-llvm-c4e533.o
    0x200079fc        -       0x00000004   Zero   RW          920    .bss.ancestor_signal.528  lto-llvm-c4e533.o
    0x20007a00        -       0x00000001   Zero   RW          882    .bss.anim_list_changed  lto-llvm-c4e533.o
    0x20007a01        -       0x00000001   Zero   RW          825    .bss.btn_event_cb.cnt  lto-llvm-c4e533.o
    0x20007a02   0x0801db60   0x00000002   PAD
    0x20007a04        -       0x00000004   Zero   RW          859    .bss.decompr_buf    lto-llvm-c4e533.o
    0x20007a08        -       0x00000004   Zero   RW          876    .bss.disp_def       lto-llvm-c4e533.o
    0x20007a0c        -       0x00000004   Zero   RW          846    .bss.disp_refr      lto-llvm-c4e533.o
    0x20007a10        -       0x00000100   Zero   RW          854    .bss.draw_letter_normal.opa_table  lto-llvm-c4e533.o
    0x20007b10        -       0x00000004   Zero   RW          853    .bss.draw_letter_normal.prev_bpp  lto-llvm-c4e533.o
    0x20007b14        -       0x00000001   Zero   RW          852    .bss.draw_letter_normal.prev_opa  lto-llvm-c4e533.o
    0x20007b15   0x0801db60   0x00000001   PAD
    0x20007b16        -       0x00000001   Zero   RW          857    .bss.entry_cnt      lto-llvm-c4e533.o
    0x20007b17   0x0801db60   0x00000001   PAD
    0x20007b18        -       0x00000004   Zero   RW          845    .bss.event_act_data  lto-llvm-c4e533.o
    0x20007b1c        -       0x00000004   Zero   RW          844    .bss.event_temp_data_head  lto-llvm-c4e533.o
    0x20007b20        -       0x00000001   Zero   RW          827    .bss.fac_ms         lto-llvm-c4e533.o
    0x20007b21        -       0x00000001   Zero   RW          826    .bss.fac_us         lto-llvm-c4e533.o
    0x20007b22   0x0801db60   0x00000002   PAD
    0x20007b24        -       0x00000004   Zero   RW          841    .bss.indev_act      lto-llvm-c4e533.o
    0x20007b28        -       0x00000004   Zero   RW          842    .bss.indev_obj_act  lto-llvm-c4e533.o
    0x20007b2c        -       0x00000001   Zero   RW          913    .bss.inited         lto-llvm-c4e533.o
    0x20007b2d   0x0801db60   0x00000003   PAD
    0x20007b30        -       0x00000004   Zero   RW          880    .bss.last_task_run  lto-llvm-c4e533.o
    0x20007b34        -       0x00000001   Zero   RW          843    .bss.lv_initialized  lto-llvm-c4e533.o
    0x20007b35   0x0801db60   0x00000001   PAD
    0x20007b36        -       0x00000002   Zero   RW          900    .bss.lv_mem_free.full_defrag_cnt  lto-llvm-c4e533.o
    0x20007b38        -       0x00000024   Zero   RW          921    .bss.lv_port_disp_init.disp_buf  lto-llvm-c4e533.o
    0x20007b5c        -       0x00000001   Zero   RW          906    .bss.lv_task_handler.already_running  lto-llvm-c4e533.o
    0x20007b5d   0x0801db60   0x00000003   PAD
    0x20007b60        -       0x00000004   Zero   RW          910    .bss.lv_task_handler.busy_time  lto-llvm-c4e533.o
    0x20007b64        -       0x00000004   Zero   RW          907    .bss.lv_task_handler.handler_start  lto-llvm-c4e533.o
    0x20007b68        -       0x00000004   Zero   RW          911    .bss.lv_task_handler.idle_period_start  lto-llvm-c4e533.o
    0x20007b6c        -       0x00000004   Zero   RW          912    .bss.lv_task_handler.time_till_next  lto-llvm-c4e533.o
    0x20007b70        -       0x00000001   Zero   RW          905    .bss.lv_task_run    lto-llvm-c4e533.o
    0x20007b71        -       0x00000010   Zero   RW          902    .bss.mem_buf1_32    lto-llvm-c4e533.o
    0x20007b81        -       0x00000010   Zero   RW          903    .bss.mem_buf2_32    lto-llvm-c4e533.o
    0x20007b91   0x0801db60   0x00000003   PAD
    0x20007b94        -       0x00000004   Zero   RW          898    .bss.mem_max_size   lto-llvm-c4e533.o
    0x20007b98        -       0x00000004   Zero   RW          847    .bss.px_num         lto-llvm-c4e533.o
    0x20007b9c        -       0x00000001   Zero   RW          861    .bss.rle_bpp        lto-llvm-c4e533.o
    0x20007b9d        -       0x00000001   Zero   RW          865    .bss.rle_cnt        lto-llvm-c4e533.o
    0x20007b9e   0x0801db60   0x00000002   PAD
    0x20007ba0        -       0x00000004   Zero   RW          860    .bss.rle_in         lto-llvm-c4e533.o
    0x20007ba4        -       0x00000001   Zero   RW          864    .bss.rle_prev_v     lto-llvm-c4e533.o
    0x20007ba5   0x0801db60   0x00000003   PAD
    0x20007ba8        -       0x00000004   Zero   RW          863    .bss.rle_rdp        lto-llvm-c4e533.o
    0x20007bac        -       0x00000001   Zero   RW          862    .bss.rle_state      lto-llvm-c4e533.o
    0x20007bad   0x0801db60   0x00000003   PAD
    0x20007bb0        -       0x00000004   Zero   RW          914    .bss.styles.393     lto-llvm-c4e533.o
    0x20007bb4        -       0x00000004   Zero   RW          878    .bss.sys_time       lto-llvm-c4e533.o
    0x20007bb8        -       0x00000001   Zero   RW          909    .bss.task_created   lto-llvm-c4e533.o
    0x20007bb9        -       0x00000001   Zero   RW          908    .bss.task_deleted   lto-llvm-c4e533.o
    0x20007bba        -       0x00000001   Zero   RW          904    .bss.task_list_changed  lto-llvm-c4e533.o
    0x20007bbb   0x0801db60   0x00000001   PAD
    0x20007bbc        -       0x00000020   Zero   RW          915    .bss.theme.394      lto-llvm-c4e533.o
    0x20007bdc        -       0x00000001   Zero   RW          877    .bss.tick_irq_flag  lto-llvm-c4e533.o
    0x20007bdd   0x0801db60   0x00000001   PAD
    0x20007bde        -       0x00000002   Zero   RW          922    .bss.touchpad_read.last_x  lto-llvm-c4e533.o
    0x20007be0        -       0x00000002   Zero   RW          923    .bss.touchpad_read.last_y  lto-llvm-c4e533.o
    0x20007be2   0x0801db60   0x00000002   PAD
    0x20007be4        -       0x00000004   Zero   RW          835    .bss.upload_count   lto-llvm-c4e533.o
    0x20007be8        -       0x00000004   Zero   RW          897    .bss.work_mem       lto-llvm-c4e533.o
    0x20007bec        -       0x00000004   Zero   RW          899    .bss.zero_mem       lto-llvm-c4e533.o
    0x20007bf0        -       0x00002000   Zero   RW            1    STACK               startup_stm32f10x_hd.o


==============================================================================

Image component sizes


      Code (inc. data)   RO Data    RW Data    ZI Data      Debug   Object Name

    103962          0      16657        100      31594     727337   lto-llvm-c4e533.o
        36          8        304          0       8192        776   startup_stm32f10x_hd.o

    ----------------------------------------------------------------------
    104178          8      17004        100      39816     728113   Object Totals
         0          0         32          0          0          0   (incl. Generated)
       180          0         11          0         30          0   (incl. Padding)

    ----------------------------------------------------------------------

      Code (inc. data)   RO Data    RW Data    ZI Data      Debug   Library Member Name

         0          0          0          0          0          0   entry.o
         0          0          0          0          0          0   entry10a.o
         0          0          0          0          0          0   entry11a.o
         8          4          0          0          0          0   entry2.o
         4          0          0          0          0          0   entry5.o
         0          0          0          0          0          0   entry7b.o
         0          0          0          0          0          0   entry8b.o
         8          4          0          0          0          0   entry9a.o
        30          0          0          0          0          0   handlers.o
        36          8          0          0          0         68   init.o
        30          0          0          0          0         68   llshl.o
        32          0          0          0          0         68   llushr.o
        26          0          0          0          0         80   memcmp.o
        36          0          0          0          0        108   memseta.o
        36          6          0          0          0         80   puts.o
         0          0          0          4          0          0   stdout.o
        28          0          0          0          0         76   strcmp.o
        18          0          0          0          0         68   strcpy.o
        14          0          0          0          0         68   strlen.o
        98          0          0          0          0         92   uldiv.o

    ----------------------------------------------------------------------
       406         22          0          4          0        776   Library Totals
         2          0          0          0          0          0   (incl. Padding)

    ----------------------------------------------------------------------

      Code (inc. data)   RO Data    RW Data    ZI Data      Debug   Library Name

       404         22          0          4          0        776   mc_w.l

    ----------------------------------------------------------------------
       406         22          0          4          0        776   Library Totals

    ----------------------------------------------------------------------

==============================================================================


      Code (inc. data)   RO Data    RW Data    ZI Data      Debug   

    104584         30      17004        104      39816     728729   Grand Totals
    104584         30      17004        104      39816     728729   ELF Image Totals
    104584         30      17004        104          0          0   ROM Totals

==============================================================================

    Total RO  Size (Code + RO Data)               121588 ( 118.74kB)
    Total RW  Size (RW Data + ZI Data)             39920 (  38.98kB)
    Total ROM Size (Code + RO Data + RW Data)     121692 ( 118.84kB)

==============================================================================

